Component: ARM Compiler 5.06 update 6 (build 750) Tool: armlink [4d35ed]

==============================================================================

Section Cross References

    main.o(i.OLED_SHOW) refers to _printf_percent.o(.ARM.Collect$$_printf_percent$$00000000) for _printf_percent
    main.o(i.OLED_SHOW) refers to _printf_d.o(.ARM.Collect$$_printf_percent$$00000009) for _printf_d
    main.o(i.OLED_SHOW) refers to _printf_dec.o(.text) for _printf_int_dec
    main.o(i.OLED_SHOW) refers to oled.o(i.OLED_ShowChinese) for OLED_ShowChinese
    main.o(i.OLED_SHOW) refers to dht11.o(i.DHT11_Read_Data) for DHT11_Read_Data
    main.o(i.OLED_SHOW) refers to noretval__2sprintf.o(.text) for __2sprintf
    main.o(i.OLED_SHOW) refers to oled.o(i.OLED_ShowString) for OLED_ShowString
    main.o(i.OLED_SHOW) refers to oled.o(i.OLED_Refresh) for OLED_Refresh
    main.o(i.OLED_SHOW) refers to main.o(.data) for humidity
    main.o(i.OLED_SHOW) refers to main.o(.bss) for olednum
    main.o(i.car_hongwai) refers to _printf_percent.o(.ARM.Collect$$_printf_percent$$00000000) for _printf_percent
    main.o(i.car_hongwai) refers to _printf_d.o(.ARM.Collect$$_printf_percent$$00000009) for _printf_d
    main.o(i.car_hongwai) refers to _printf_dec.o(.text) for _printf_int_dec
    main.o(i.car_hongwai) refers to stm32f10x_gpio.o(i.GPIO_ReadInputDataBit) for GPIO_ReadInputDataBit
    main.o(i.car_hongwai) refers to noretval__2printf.o(.text) for __2printf
    main.o(i.car_hongwai) refers to delay.o(i.delay_ms) for delay_ms
    main.o(i.car_hongwai) refers to led.o(i.moto_open) for moto_open
    main.o(i.car_hongwai) refers to usart.o(.data) for tim2
    main.o(i.car_hongwai) refers to main.o(.data) for len
    main.o(i.main) refers to delay.o(i.delay_init) for delay_init
    main.o(i.main) refers to misc.o(i.NVIC_PriorityGroupConfig) for NVIC_PriorityGroupConfig
    main.o(i.main) refers to led.o(i.LED_Init) for LED_Init
    main.o(i.main) refers to led.o(i.moto_init) for moto_init
    main.o(i.main) refers to key.o(i.KEY_Init) for KEY_Init
    main.o(i.main) refers to key.o(i.exti_init) for exti_init
    main.o(i.main) refers to led.o(i.anmimal_recognition_init) for anmimal_recognition_init
    main.o(i.main) refers to tsensor.o(i.T_Adc_Init) for T_Adc_Init
    main.o(i.main) refers to usart.o(i.uart_init1) for uart_init1
    main.o(i.main) refers to usart.o(i.usart_init2) for usart_init2
    main.o(i.main) refers to usart.o(i.TIM2_Int_Init) for TIM2_Int_Init
    main.o(i.main) refers to stm32f10x_gpio.o(i.GPIO_ReadInputDataBit) for GPIO_ReadInputDataBit
    main.o(i.main) refers to hc-sr04.o(i.Hcsr04Init) for Hcsr04Init
    main.o(i.main) refers to mcu_api.o(i.wifi_protocol_init) for wifi_protocol_init
    main.o(i.main) refers to hc-sr04.o(i.sr04_value) for sr04_value
    main.o(i.main) refers to led.o(i.Motor_Init) for Motor_Init
    main.o(i.main) refers to oled.o(i.OLED_Init) for OLED_Init
    main.o(i.main) refers to oled.o(i.OLED_ColorTurn) for OLED_ColorTurn
    main.o(i.main) refers to oled.o(i.OLED_DisplayTurn) for OLED_DisplayTurn
    main.o(i.main) refers to oled.o(i.OLED_Refresh) for OLED_Refresh
    main.o(i.main) refers to led.o(i.moto_open) for moto_open
    main.o(i.main) refers to mcu_api.o(i.wifi_uart_service) for wifi_uart_service
    main.o(i.main) refers to main.o(i.OLED_SHOW) for OLED_SHOW
    main.o(i.main) refers to stm32f10x_gpio.o(i.GPIO_ResetBits) for GPIO_ResetBits
    main.o(i.main) refers to stm32f10x_gpio.o(i.GPIO_SetBits) for GPIO_SetBits
    main.o(i.main) refers to main.o(.data) for anmimal_test
    main.o(i.read_allnum) refers to _printf_percent.o(.ARM.Collect$$_printf_percent$$00000000) for _printf_percent
    main.o(i.read_allnum) refers to _printf_d.o(.ARM.Collect$$_printf_percent$$00000009) for _printf_d
    main.o(i.read_allnum) refers to _printf_dec.o(.text) for _printf_int_dec
    main.o(i.read_allnum) refers to _printf_f.o(.ARM.Collect$$_printf_percent$$00000003) for _printf_f
    main.o(i.read_allnum) refers to printf1.o(x$fpl$printf1) for _printf_fp_dec
    main.o(i.read_allnum) refers to _printf_s.o(.ARM.Collect$$_printf_percent$$00000014) for _printf_s
    main.o(i.read_allnum) refers to _printf_str.o(.text) for _printf_str
    main.o(i.read_allnum) refers to noretval__2printf.o(.text) for __2printf
    main.o(i.read_allnum) refers to tsensor.o(i.Get_Temprate) for Get_Temprate
    main.o(i.read_allnum) refers to fflt_clz.o(x$fpl$fflt) for __aeabi_i2f
    main.o(i.read_allnum) refers to f2d.o(x$fpl$f2d) for __aeabi_f2d
    main.o(i.read_allnum) refers to noretval__2sprintf.o(.text) for __2sprintf
    main.o(i.read_allnum) refers to main.o(.data) for humidity
    main.o(i.read_allnum) refers to main.o(.bss) for num
    stm32f10x_it.o(i.SysTick_Handler) refers to main.o(.data) for didatime
    system_stm32f10x.o(i.SetSysClock) refers to system_stm32f10x.o(i.SetSysClockTo72) for SetSysClockTo72
[...]
    dp_download_light_handle                 0x080032e5   Thumb Code    92  protocol.o(i.dp_download_light_handle)
    i.dp_download_switch_ejection_handle     0x0800334c   Section        0  protocol.o(i.dp_download_switch_ejection_handle)
    dp_download_switch_ejection_handle       0x0800334d   Thumb Code    92  protocol.o(i.dp_download_switch_ejection_handle)
    i.dp_download_switch_handle              0x080033b4   Section        0  protocol.o(i.dp_download_switch_handle)
    dp_download_switch_handle                0x080033b5   Thumb Code    58  protocol.o(i.dp_download_switch_handle)
    i.exti_init                              0x080033f8   Section        0  key.o(i.exti_init)
    i.fputc                                  0x080034ac   Section        0  usart.o(i.fputc)
    i.get_check_sum                          0x080034c8   Section        0  system.o(i.get_check_sum)
    i.get_dowmload_dpid_index                0x080034e4   Section        0  system.o(i.get_dowmload_dpid_index)
    get_dowmload_dpid_index                  0x080034e5   Thumb Code    40  system.o(i.get_dowmload_dpid_index)
    i.get_download_cmd_total                 0x08003510   Section        0  protocol.o(i.get_download_cmd_total)
    i.get_mcu_wifi_mode                      0x08003514   Section        0  system.o(i.get_mcu_wifi_mode)
    get_mcu_wifi_mode                        0x08003515   Thumb Code    36  system.o(i.get_mcu_wifi_mode)
    i.hcsr04_NVIC                            0x08003538   Section        0  hc-sr04.o(i.hcsr04_NVIC)
    i.heat_beat_check                        0x08003560   Section        0  system.o(i.heat_beat_check)
    heat_beat_check                          0x08003561   Thumb Code    50  system.o(i.heat_beat_check)
    i.main                                   0x08003598   Section        0  main.o(i.main)
    i.mcu_dp_bool_update                     0x08003640   Section        0  mcu_api.o(i.mcu_dp_bool_update)
    i.mcu_dp_enum_update                     0x080036a4   Section        0  mcu_api.o(i.mcu_dp_enum_update)
    i.mcu_dp_fault_update                    0x080036fc   Section        0  mcu_api.o(i.mcu_dp_fault_update)
    i.mcu_dp_value_update                    0x080037c4   Section        0  mcu_api.o(i.mcu_dp_value_update)
    i.mcu_get_dp_download_bool               0x0800383c   Section        0  mcu_api.o(i.mcu_get_dp_download_bool)
    i.mcu_get_dp_download_enum               0x08003842   Section        0  mcu_api.o(i.mcu_get_dp_download_enum)
    i.mcu_set_wifi_mode                      0x08003848   Section        0  mcu_api.o(i.mcu_set_wifi_mode)
    i.moto_close                             0x08003870   Section        0  led.o(i.moto_close)
    i.moto_init                              0x08003938   Section        0  led.o(i.moto_init)
    i.moto_open                              0x08003964   Section        0  led.o(i.moto_open)
    i.my_memcpy                              0x08003af0   Section        0  mcu_api.o(i.my_memcpy)
    i.my_strlen                              0x08003b34   Section        0  mcu_api.o(i.my_strlen)
    i.product_info_update                    0x08003b50   Section        0  system.o(i.product_info_update)
    product_info_update                      0x08003b51   Thumb Code   164  system.o(i.product_info_update)
    i.read_allnum                            0x08003c2c   Section        0  main.o(i.read_allnum)
    i.set_wifi_uart_buffer                   0x08003ccc   Section        0  system.o(i.set_wifi_uart_buffer)
    i.set_wifi_uart_byte                     0x08003cf4   Section        0  system.o(i.set_wifi_uart_byte)
    i.sr04_value                             0x08003d04   Section        0  hc-sr04.o(i.sr04_value)
    i.take_byte_rxbuff                       0x08003d8c   Section        0  system.o(i.take_byte_rxbuff)
    i.uart_init1                             0x08003dc8   Section        0  usart.o(i.uart_init1)
    i.uart_receive_input                     0x08003e70   Section        0  mcu_api.o(i.uart_receive_input)
    i.uart_transmit_output                   0x08003ec8   Section        0  protocol.o(i.uart_transmit_output)
    i.usart_init2                            0x08003edc   Section        0  usart.o(i.usart_init2)
    i.wifi_protocol_init                     0x08003f88   Section        0  mcu_api.o(i.wifi_protocol_init)
    i.wifi_test_result                       0x08003fb4   Section        0  protocol.o(i.wifi_test_result)
    i.wifi_uart_service                      0x08003fbc   Section        0  mcu_api.o(i.wifi_uart_service)
    i.wifi_uart_write_data                   0x080040b4   Section        0  system.o(i.wifi_uart_write_data)
    wifi_uart_write_data                     0x080040b5   Thumb Code    36  system.o(i.wifi_uart_write_data)
    i.wifi_uart_write_frame                  0x080040d8   Section        0  system.o(i.wifi_uart_write_frame)
    i.with_data_rxbuff                       0x08004120   Section        0  system.o(i.with_data_rxbuff)
    locale$$code                             0x0800413c   Section       44  lc_numeric_c.o(locale$$code)
    x$fpl$d2f                                0x08004168   Section       98  d2f.o(x$fpl$d2f)
    x$fpl$dadd                               0x080041cc   Section      336  daddsub_clz.o(x$fpl$dadd)
    _dadd1                                   0x080041dd   Thumb Code     0  daddsub_clz.o(x$fpl$dadd)
    x$fpl$ddiv                               0x0800431c   Section      688  ddiv.o(x$fpl$ddiv)
    ddiv_entry                               0x08004323   Thumb Code     0  ddiv.o(x$fpl$ddiv)
    x$fpl$dfix                               0x080045cc   Section       94  dfix.o(x$fpl$dfix)
    x$fpl$dmul                               0x0800462c   Section      340  dmul.o(x$fpl$dmul)
    x$fpl$dnaninf                            0x08004780   Section      156  dnaninf.o(x$fpl$dnaninf)
    x$fpl$dretinf                            0x0800481c   Section       12  dretinf.o(x$fpl$dretinf)
    x$fpl$dsub                               0x08004828   Section      468  daddsub_clz.o(x$fpl$dsub)
    _dsub1                                   0x08004839   Thumb Code     0  daddsub_clz.o(x$fpl$dsub)
    x$fpl$f2d                                0x080049fc   Section       86  f2d.o(x$fpl$f2d)
    x$fpl$fadd                               0x08004a54   Section      196  faddsub_clz.o(x$fpl$fadd)
    _fadd1                                   0x08004a63   Thumb Code     0  faddsub_clz.o(x$fpl$fadd)
    x$fpl$ffix                               0x08004b18   Section       54  ffix.o(x$fpl$ffix)
    x$fpl$fflt                               0x08004b50   Section       48  fflt_clz.o(x$fpl$fflt)
    x$fpl$ffltu                              0x08004b80   Section       38  fflt_clz.o(x$fpl$ffltu)
    x$fpl$fnaninf                            0x08004ba6   Section      140  fnaninf.o(x$fpl$fnaninf)
    x$fpl$fretinf                            0x08004c32   Section       10  fretinf.o(x$fpl$fretinf)
    x$fpl$fsub                               0x08004c3c   Section      234  faddsub_clz.o(x$fpl$fsub)
    _fsub1                                   0x08004c4b   Thumb Code     0  faddsub_clz.o(x$fpl$fsub)
    x$fpl$printf1                            0x08004d26   Section        4  printf1.o(x$fpl$printf1)
    .constdata                               0x08004d2a   Section     6080  oled.o(.constdata)
    x$fpl$usenofp                            0x08004d2a   Section        0  usenofp.o(x$fpl$usenofp)
    .constdata                               0x080064ea   Section       14  protocol.o(.constdata)
    .constdata                               0x080064f8   Section      148  bigflt0.o(.constdata)
    tenpwrs_x                                0x080064f8   Data          60  bigflt0.o(.constdata)
    tenpwrs_i                                0x08006534   Data          64  bigflt0.o(.constdata)
    locale$$data                             0x080065ac   Section       28  lc_numeric_c.o(locale$$data)
    __lcnum_c_name                           0x080065b0   Data           2  lc_numeric_c.o(locale$$data)
    __lcnum_c_start                          0x080065b8   Data           0  lc_numeric_c.o(locale$$data)
    __lcnum_c_point                          0x080065c4   Data           0  lc_numeric_c.o(locale$$data)
    __lcnum_c_thousands                      0x080065c6   Data           0  lc_numeric_c.o(locale$$data)
    __lcnum_c_grouping                       0x080065c7   Data           0  lc_numeric_c.o(locale$$data)
    __lcnum_c_end                            0x080065c8   Data           0  lc_numeric_c.o(locale$$data)
    .data                                    0x20000000   Section     2074  main.o(.data)
    .data                                    0x2000081c   Section       20  system_stm32f10x.o(.data)
    .data                                    0x20000830   Section        8  led.o(.data)
    .data                                    0x20000838   Section       12  hc-sr04.o(.data)
    .data                                    0x20000844   Section     5624  oled.o(.data)
    .data                                    0x20001e3c   Section        4  delay.o(.data)
    fac_us                                   0x20001e3c   Data           1  delay.o(.data)
    fac_ms                                   0x20001e3e   Data           2  delay.o(.data)
    .data                                    0x20001e40   Section       10  usart.o(.data)
    .data                                    0x20001e4c   Section       14  mcu_api.o(.data)
    rx_in                                    0x20001e58   Data           2  mcu_api.o(.data)
    .data                                    0x20001e60   Section       12  protocol.o(.data)
    .data                                    0x20001e6c   Section       10  system.o(.data)
    mcu_reset_state                          0x20001e75   Data           1  system.o(.data)
    .data                                    0x20001e76   Section       20  stm32f10x_rcc.o(.data)
    APBAHBPrescTable                         0x20001e76   Data          16  stm32f10x_rcc.o(.data)
    ADCPrescTable                            0x20001e86   Data           4  stm32f10x_rcc.o(.data)
    .bss                                     0x20001e8c   Section      200  main.o(.bss)
    .bss                                     0x20001f54   Section       40  hc-sr04.o(.bss)
    .bss                                     0x20001f7c   Section     1152  oled.o(.bss)
    .bss                                     0x200023fc   Section      142  system.o(.bss)
    .bss                                     0x2000248c   Section       96  libspace.o(.bss)
    HEAP                                     0x200024f0   Section      512  startup_stm32f10x_hd.o(HEAP)
    Heap_Mem                                 0x200024f0   Data         512  startup_stm32f10x_hd.o(HEAP)
    STACK                                    0x200026f0   Section     1024  startup_stm32f10x_hd.o(STACK)
    Stack_Mem                                0x200026f0   Data        1024  startup_stm32f10x_hd.o(STACK)
    __initial_sp                             0x20002af0   Data           0  startup_stm32f10x_hd.o(STACK)

    Global Symbols

    Symbol Name                              Value     Ov Type        Size  Object(Section)

    BuildAttributes$$THM_ISAv4$P$D$K$B$S$PE$A:L22UL41UL21$X:L11$S22US41US21$IEEE1$IW$USESV6$~STKCKD$USESV7$~SHL$OTIME$ROPI$IEEEJ$EBA8$UX$STANDARDLIB$REQ8$PRES8$EABIv2 0x00000000   Number         0  anon$$obj.o ABSOLUTE
    __ARM_use_no_argv                        0x00000000   Number         0  main.o ABSOLUTE
    _printf_flags                            0x00000000   Number         0  printf_stubs.o ABSOLUTE
    _printf_return_value                     0x00000000   Number         0  printf_stubs.o ABSOLUTE
    _printf_sizespec                         0x00000000   Number         0  printf_stubs.o ABSOLUTE
    _printf_widthprec                        0x00000000   Number         0  printf_stubs.o ABSOLUTE
    __ARM_exceptions_init                     - Undefined Weak Reference
    __alloca_initialize                       - Undefined Weak Reference
    __arm_preinit_                            - Undefined Weak Reference
    __cpp_initialize__aeabi_                  - Undefined Weak Reference
    __cxa_finalize                            - Undefined Weak Reference
    __sigvec_lookup                           - Undefined Weak Reference
    _atexit_init                              - Undefined Weak Reference
    _call_atexit_fns                          - Undefined Weak Reference
    _clock_init                               - Undefined Weak Reference
    _fp_trap_init                             - Undefined Weak Reference
    _fp_trap_shutdown                         - Undefined Weak Reference
    _get_lc_collate                           - Undefined Weak Reference
    _get_lc_ctype                             - Undefined Weak Reference
    _get_lc_monetary                          - Undefined Weak Reference
    _get_lc_time                              - Undefined Weak Reference
    _getenv_init                              - Undefined Weak Reference
    _handle_redirection                       - Undefined Weak Reference
    _init_alloc                               - Undefined Weak Reference
    _init_user_alloc                          - Undefined Weak Reference
    _initio                                   - Undefined Weak Reference
    _mutex_acquire                            - Undefined Weak Reference
    _mutex_release                            - Undefined Weak Reference
    _printf_mbtowc                            - Undefined Weak Reference
    _printf_post_padding                      - Undefined Weak Reference
    _printf_pre_padding                       - Undefined Weak Reference
    _printf_truncate_signed                   - Undefined Weak Reference
    _printf_truncate_unsigned                 - Undefined Weak Reference
    _rand_init                                - Undefined Weak Reference
    _signal_finish                            - Undefined Weak Reference
    _signal_init                              - Undefined Weak Reference
    _terminate_alloc                          - Undefined Weak Reference
    _terminate_user_alloc                     - Undefined Weak Reference
    _terminateio                              - Undefined Weak Reference
    __Vectors_Size                           0x00000130   Number         0  startup_stm32f10x_hd.o ABSOLUTE
    __Vectors                                0x08000000   Data           4  startup_stm32f10x_hd.o(RESET)
    __Vectors_End                            0x08000130   Data           0  startup_stm32f10x_hd.o(RESET)
    __main                                   0x08000131   Thumb Code     8  __main.o(!!!main)
    __scatterload                            0x08000139   Thumb Code     0  __scatter.o(!!!scatter)
    __scatterload_rt2                        0x08000139   Thumb Code    44  __scatter.o(!!!scatter)
    __scatterload_rt2_thumb_only             0x08000139   Thumb Code     0  __scatter.o(!!!scatter)
    __scatterload_null                       0x08000147   Thumb Code     0  __scatter.o(!!!scatter)
    __decompress                             0x0800016d   Thumb Code    90  __dczerorl2.o(!!dczerorl2)
    __decompress1                            0x0800016d   Thumb Code     0  __dczerorl2.o(!!dczerorl2)
    __scatterload_zeroinit                   0x080001c9   Thumb Code    28  __scatter_zi.o(!!handler_zi)
    _printf_f                                0x080001e5   Thumb Code     0  _printf_f.o(.ARM.Collect$$_printf_percent$$00000003)
    _printf_percent                          0x080001e5   Thumb Code     0  _printf_percent.o(.ARM.Collect$$_printf_percent$$00000000)
    _printf_d                                0x080001eb   Thumb Code     0  _printf_d.o(.ARM.Collect$$_printf_percent$$00000009)
    _printf_s                                0x080001f1   Thumb Code     0  _printf_s.o(.ARM.Collect$$_printf_percent$$00000014)
    _printf_percent_end                      0x080001f7   Thumb Code     0  _printf_percent_end.o(.ARM.Collect$$_printf_percent$$00000017)
    __rt_lib_init                            0x080001fb   Thumb Code     0  libinit.o(.ARM.Collect$$libinit$$00000000)
    __rt_lib_init_fp_1                       0x080001fd   Thumb Code     0  libinit2.o(.ARM.Collect$$libinit$$00000002)
    __rt_lib_init_heap_1                     0x080001fd   Thumb Code     0  libinit2.o(.ARM.Collect$$libinit$$0000000A)
    __rt_lib_init_lc_common                  0x080001fd   Thumb Code     0  libinit2.o(.ARM.Collect$$libinit$$0000000F)
    __rt_lib_init_preinit_1                  0x080001fd   Thumb Code     0  libinit2.o(.ARM.Collect$$libinit$$00000004)
    __rt_lib_init_rand_1                     0x080001fd   Thumb Code     0  libinit2.o(.ARM.Collect$$libinit$$0000000E)
    __rt_lib_init_user_alloc_1               0x080001fd   Thumb Code     0  libinit2.o(.ARM.Collect$$libinit$$0000000C)
    __rt_lib_init_lc_collate_1               0x08000203   Thumb Code     0  libinit2.o(.ARM.Collect$$libinit$$00000011)
    __rt_lib_init_lc_ctype_1                 0x08000203   Thumb Code     0  libinit2.o(.ARM.Collect$$libinit$$00000013)
    __rt_lib_init_lc_monetary_1              0x08000203   Thumb Code     0  libinit2.o(.ARM.Collect$$libinit$$00000015)
    __rt_lib_init_lc_numeric_2               0x08000203   Thumb Code     0  libinit2.o(.ARM.Collect$$libinit$$00000016)
    __rt_lib_init_alloca_1                   0x0800020d   Thumb Code     0  libinit2.o(.ARM.Collect$$libinit$$0000002E)
    __rt_lib_init_argv_1                     0x0800020d   Thumb Code     0  libinit2.o(.ARM.Collect$$libinit$$0000002C)
    __rt_lib_init_atexit_1                   0x0800020d   Thumb Code     0  libinit2.o(.ARM.Collect$$libinit$$0000001B)
    __rt_lib_init_clock_1                    0x0800020d   Thumb Code     0  libinit2.o(.ARM.Collect$$libinit$$00000021)
    __rt_lib_init_cpp_1                      0x0800020d   Thumb Code     0  libinit2.o(.ARM.Collect$$libinit$$00000032)
    __rt_lib_init_exceptions_1               0x0800020d   Thumb Code     0  libinit2.o(.ARM.Collect$$libinit$$00000030)
    __rt_lib_init_fp_trap_1                  0x0800020d   Thumb Code     0  libinit2.o(.ARM.Collect$$libinit$$0000001F)
    __rt_lib_init_getenv_1                   0x0800020d   Thumb Code     0  libinit2.o(.ARM.Collect$$libinit$$00000023)
    __rt_lib_init_lc_numeric_1               0x0800020d   Thumb Code     0  libinit2.o(.ARM.Collect$$libinit$$00000017)
    __rt_lib_init_lc_time_1                  0x0800020d   Thumb Code     0  libinit2.o(.ARM.Collect$$libinit$$00000019)
    __rt_lib_init_return                     0x0800020d   Thumb Code     0  libinit2.o(.ARM.Collect$$libinit$$00000033)
    __rt_lib_init_signal_1                   0x0800020d   Thumb Code     0  libinit2.o(.ARM.Collect$$libinit$$0000001D)
    __rt_lib_init_stdio_1                    0x0800020d   Thumb Code     0  libinit2.o(.ARM.Collect$$libinit$$00000025)
    __rt_lib_shutdown                        0x0800020f   Thumb Code     0  libshutdown.o(.ARM.Collect$$libshutdown$$00000000)
    __rt_lib_shutdown_cpp_1                  0x08000211   Thumb Code     0  libshutdown2.o(.ARM.Collect$$libshutdown$$00000002)
    __rt_lib_shutdown_fp_trap_1              0x08000211   Thumb Code     0  libshutdown2.o(.ARM.Collect$$libshutdown$$00000007)
    __rt_lib_shutdown_heap_1                 0x08000211   Thumb Code     0  libshutdown2.o(.ARM.Collect$$libshutdown$$0000000F)
    __rt_lib_shutdown_return                 0x08000211   Thumb Code     0  libshutdown2.o(.ARM.Collect$$libshutdown$$00000010)
    __rt_lib_shutdown_signal_1               0x08000211   Thumb Code     0  libshutdown2.o(.ARM.Collect$$libshutdown$$0000000A)
    __rt_lib_shutdown_stdio_1                0x08000211   Thumb Code     0  libshutdown2.o(.ARM.Collect$$libshutdown$$00000004)
    __rt_lib_shutdown_user_alloc_1           0x08000211   Thumb Code     0  libshutdown2.o(.ARM.Collect$$libshutdown$$0000000C)
    __rt_entry                               0x08000213   Thumb Code     0  __rtentry.o(.ARM.Collect$$rtentry$$00000000)
    __rt_entry_presh_1                       0x08000213   Thumb Code     0  __rtentry2.o(.ARM.Collect$$rtentry$$00000002)
    __rt_entry_sh                            0x08000213   Thumb Code     0  __rtentry4.o(.ARM.Collect$$rtentry$$00000004)
    __rt_entry_li                            0x08000219   Thumb Code     0  __rtentry2.o(.ARM.Collect$$rtentry$$0000000A)
    __rt_entry_postsh_1                      0x08000219   Thumb Code     0  __rtentry2.o(.ARM.Collect$$rtentry$$00000009)
    __rt_entry_main                          0x0800021d   Thumb Code     0  __rtentry2.o(.ARM.Collect$$rtentry$$0000000D)
    __rt_entry_postli_1                      0x0800021d   Thumb Code     0  __rtentry2.o(.ARM.Collect$$rtentry$$0000000C)
    __rt_exit                                0x08000225   Thumb Code     0  rtexit.o(.ARM.Collect$$rtexit$$00000000)
    __rt_exit_ls                             0x08000227   Thumb Code     0  rtexit2.o(.ARM.Collect$$rtexit$$00000003)
    __rt_exit_prels_1                        0x08000227   Thumb Code     0  rtexit2.o(.ARM.Collect$$rtexit$$00000002)
    __rt_exit_exit                           0x0800022b   Thumb Code     0  rtexit2.o(.ARM.Collect$$rtexit$$00000004)
    Reset_Handler                            0x08000231   Thumb Code     8  startup_stm32f10x_hd.o(.text)
    ADC1_2_IRQHandler                        0x0800024b   Thumb Code     0  startup_stm32f10x_hd.o(.text)
    ADC3_IRQHandler                          0x0800024b   Thumb Code     0  startup_stm32f10x_hd.o(.text)
    CAN1_RX1_IRQHandler                      0x0800024b   Thumb Code     0  startup_stm32f10x_hd.o(.text)
    CAN1_SCE_IRQHandler                      0x0800024b   Thumb Code     0  startup_stm32f10x_hd.o(.text)
    DMA1_Channel1_IRQHandler                 0x0800024b   Thumb Code     0  startup_stm32f10x_hd.o(.text)
    DMA1_Channel2_IRQHandler                 0x0800024b   Thumb Code     0  startup_stm32f10x_hd.o(.text)
    DMA1_Channel3_IRQHandler                 0x0800024b   Thumb Code     0  startup_stm32f10x_hd.o(.text)
    DMA1_Channel4_IRQHandler                 0x0800024b   Thumb Code     0  startup_stm32f10x_hd.o(.text)
    DMA1_Channel5_IRQHandler                 0x0800024b   Thumb Code     0  startup_stm32f10x_hd.o(.text)
    DMA1_Channel6_IRQHandler                 0x0800024b   Thumb Code     0  startup_stm32f10x_hd.o(.text)
    DMA1_Channel7_IRQHandler                 0x0800024b   Thumb Code     0  startup_stm32f10x_hd.o(.text)
    DMA2_Channel1_IRQHandler                 0x0800024b   Thumb Code     0  startup_stm32f10x_hd.o(.text)
    DMA2_Channel2_IRQHandler                 0x0800024b   Thumb Code     0  startup_stm32f10x_hd.o(.text)
    DMA2_Channel3_IRQHandler                 0x0800024b   Thumb Code     0  startup_stm32f10x_hd.o(.text)
    DMA2_Channel4_5_IRQHandler               0x0800024b   Thumb Code     0  startup_stm32f10x_hd.o(.text)
    EXTI15_10_IRQHandler                     0x0800024b   Thumb Code     0  startup_stm32f10x_hd.o(.text)
    EXTI1_IRQHandler                         0x0800024b   Thumb Code     0  startup_stm32f10x_hd.o(.text)
    EXTI2_IRQHandler                         0x0800024b   Thumb Code     0  startup_stm32f10x_hd.o(.text)
    EXTI9_5_IRQHandler                       0x0800024b   Thumb Code     0  startup_stm32f10x_hd.o(.text)
    FLASH_IRQHandler                         0x0800024b   Thumb Code     0  startup_stm32f10x_hd.o(.text)
    FSMC_IRQHandler                          0x0800024b   Thumb Code     0  startup_stm32f10x_hd.o(.text)
    I2C1_ER_IRQHandler                       0x0800024b   Thumb Code     0  startup_stm32f10x_hd.o(.text)
    I2C1_EV_IRQHandler                       0x0800024b   Thumb Code     0  startup_stm32f10x_hd.o(.text)
    I2C2_ER_IRQHandler                       0x0800024b   Thumb Code     0  startup_stm32f10x_hd.o(.text)
    I2C2_EV_IRQHandler                       0x0800024b   Thumb Code     0  startup_stm32f10x_hd.o(.text)
    PVD_IRQHandler                           0x0800024b   Thumb Code     0  startup_stm32f10x_hd.o(.text)
    RCC_IRQHandler                           0x0800024b   Thumb Code     0  startup_stm32f10x_hd.o(.text)
    RTCAlarm_IRQHandler                      0x0800024b   Thumb Code     0  startup_stm32f10x_hd.o(.text)
    RTC_IRQHandler                           0x0800024b   Thumb Code     0  startup_stm32f10x_hd.o(.text)
    SDIO_IRQHandler                          0x0800024b   Thumb Code     0  startup_stm32f10x_hd.o(.text)
    SPI1_IRQHandler                          0x0800024b   Thumb Code     0  startup_stm32f10x_hd.o(.text)
    SPI2_IRQHandler                          0x0800024b   Thumb Code     0  startup_stm32f10x_hd.o(.text)
    SPI3_IRQHandler                          0x0800024b   Thumb Code     0  startup_stm32f10x_hd.o(.text)
    TAMPER_IRQHandler                        0x0800024b   Thumb Code     0  startup_stm32f10x_hd.o(.text)
    TIM1_BRK_IRQHandler                      0x0800024b   Thumb Code     0  startup_stm32f10x_hd.o(.text)
    TIM1_CC_IRQHandler                       0x0800024b   Thumb Code     0  startup_stm32f10x_hd.o(.text)
    TIM1_TRG_COM_IRQHandler                  0x0800024b   Thumb Code     0  startup_stm32f10x_hd.o(.text)
    TIM1_UP_IRQHandler                       0x0800024b   Thumb Code     0  startup_stm32f10x_hd.o(.text)
    TIM2_IRQHandler                          0x0800024b   Thumb Code     0  startup_stm32f10x_hd.o(.text)
    TIM3_IRQHandler                          0x0800024b   Thumb Code     0  startup_stm32f10x_hd.o(.text)
    TIM5_IRQHandler                          0x0800024b   Thumb Code     0  startup_stm32f10x_hd.o(.text)
    TIM7_IRQHandler                          0x0800024b   Thumb Code     0  startup_stm32f10x_hd.o(.text)
    TIM8_BRK_IRQHandler                      0x0800024b   Thumb Code     0  startup_stm32f10x_hd.o(.text)
    TIM8_CC_IRQHandler                       0x0800024b   Thumb Code     0  startup_stm32f10x_hd.o(.text)
    TIM8_TRG_COM_IRQHandler                  0x0800024b   Thumb Code     0  startup_stm32f10x_hd.o(.text)
    TIM8_UP_IRQHandler                       0x0800024b   Thumb Code     0  startup_stm32f10x_hd.o(.text)
    UART4_IRQHandler                         0x0800024b   Thumb Code     0  startup_stm32f10x_hd.o(.text)
    UART5_IRQHandler                         0x0800024b   Thumb Code     0  startup_stm32f10x_hd.o(.text)
    USART3_IRQHandler                        0x0800024b   Thumb Code     0  startup_stm32f10x_hd.o(.text)
    USBWakeUp_IRQHandler                     0x0800024b   Thumb Code     0  startup_stm32f10x_hd.o(.text)
    USB_HP_CAN1_TX_IRQHandler                0x0800024b   Thumb Code     0  startup_stm32f10x_hd.o(.text)
    USB_LP_CAN1_RX0_IRQHandler               0x0800024b   Thumb Code     0  startup_stm32f10x_hd.o(.text)
    WWDG_IRQHandler                          0x0800024b   Thumb Code     0  startup_stm32f10x_hd.o(.text)
    __user_initial_stackheap                 0x0800024d   Thumb Code     0  startup_stm32f10x_hd.o(.text)
    __use_no_semihosting                     0x08000271   Thumb Code     2  use_no_semi_2.o(.text)
    __2printf                                0x08000275   Thumb Code    20  noretval__2printf.o(.text)
    __2sprintf                               0x0800028d   Thumb Code    34  noretval__2sprintf.o(.text)
    _printf_str                              0x080002b5   Thumb Code    82  _printf_str.o(.text)
    _printf_int_dec                          0x08000309   Thumb Code   104  _printf_dec.o(.text)
    __printf                                 0x08000381   Thumb Code   270  __printf_wp.o(.text)
    __use_two_region_memory                  0x0800048f   Thumb Code     2  heapauxi.o(.text)
    __rt_heap_escrow$2region                 0x08000491   Thumb Code     2  heapauxi.o(.text)
    __rt_heap_expand$2region                 0x08000493   Thumb Code     2  heapauxi.o(.text)
    __I$use$semihosting                      0x08000495   Thumb Code     0  use_no_semi.o(.text)
    __use_no_semihosting_swi                 0x08000495   Thumb Code     2  use_no_semi.o(.text)
    _printf_int_common                       0x08000497   Thumb Code   178  _printf_intcommon.o(.text)
    __lib_sel_fp_printf                      0x08000549   Thumb Code     2  _printf_fp_dec.o(.text)
    _printf_fp_dec_real                      0x080006fb   Thumb Code   620  _printf_fp_dec.o(.text)
    _printf_char_common                      0x08000973   Thumb Code    32  _printf_char_common.o(.text)
    _sputc                                   0x08000999   Thumb Code    10  _sputc.o(.text)
    _printf_cs_common                        0x080009a3   Thumb Code    20  _printf_char.o(.text)
    _printf_char                             0x080009b7   Thumb Code    16  _printf_char.o(.text)
    _printf_string                           0x080009c7   Thumb Code     8  _printf_char.o(.text)
    _printf_char_file                        0x080009d1   Thumb Code    32  _printf_char_file.o(.text)
    __rt_locale                              0x080009f5   Thumb Code     8  rt_locale_intlibspace.o(.text)
    _ll_udiv10                               0x080009fd   Thumb Code   138  lludiv10.o(.text)
    _printf_fp_infnan                        0x08000a89   Thumb Code   112  _printf_fp_infnan.o(.text)
    _btod_etento                             0x08000b09   Thumb Code   224  bigflt0.o(.text)
    ferror                                   0x08000bed   Thumb Code     8  ferror.o(.text)
    __user_libspace                          0x08000bf5   Thumb Code     8  libspace.o(.text)
    __user_perproc_libspace                  0x08000bf5   Thumb Code     0  libspace.o(.text)
    __user_perthread_libspace                0x08000bf5   Thumb Code     0  libspace.o(.text)
    __user_setup_stackheap                   0x08000bfd   Thumb Code    74  sys_stackheap_outer.o(.text)
    exit                                     0x08000c47   Thumb Code    18  exit.o(.text)
    strcmp                                   0x08000c59   Thumb Code   128  strcmpv7m.o(.text)
    _btod_d2e                                0x08000cd9   Thumb Code    62  btod.o(CL$$btod_d2e)
    _d2e_denorm_low                          0x08000d17   Thumb Code    70  btod.o(CL$$btod_d2e_denorm_low)
    _d2e_norm_op1                            0x08000d5d   Thumb Code    96  btod.o(CL$$btod_d2e_norm_op1)
    __btod_div_common                        0x08000dbd   Thumb Code   696  btod.o(CL$$btod_div_common)
    _e2e                                     0x080010f5   Thumb Code   220  btod.o(CL$$btod_e2e)
    _btod_ediv                               0x080011d1   Thumb Code    42  btod.o(CL$$btod_ediv)
    _btod_emul                               0x080011fb   Thumb Code    42  btod.o(CL$$btod_emul)
    __btod_mult_common                       0x08001225   Thumb Code   580  btod.o(CL$$btod_mult_common)
    ADC_Cmd                                  0x08001469   Thumb Code    22  stm32f10x_adc.o(i.ADC_Cmd)
    ADC_DeInit                               0x08001481   Thumb Code    78  stm32f10x_adc.o(i.ADC_DeInit)
    ADC_GetCalibrationStatus                 0x080014dd   Thumb Code    20  stm32f10x_adc.o(i.ADC_GetCalibrationStatus)
    ADC_GetConversionValue                   0x080014f1   Thumb Code     8  stm32f10x_adc.o(i.ADC_GetConversionValue)
    ADC_GetFlagStatus                        0x080014f9   Thumb Code    18  stm32f10x_adc.o(i.ADC_GetFlagStatus)
    ADC_GetResetCalibrationStatus            0x0800150b   Thumb Code    20  stm32f10x_adc.o(i.ADC_GetResetCalibrationStatus)
    ADC_Init                                 0x08001521   Thumb Code    70  stm32f10x_adc.o(i.ADC_Init)
    ADC_RegularChannelConfig                 0x08001571   Thumb Code   184  stm32f10x_adc.o(i.ADC_RegularChannelConfig)
    ADC_ResetCalibration                     0x08001629   Thumb Code    10  stm32f10x_adc.o(i.ADC_ResetCalibration)
    ADC_SoftwareStartConvCmd                 0x08001633   Thumb Code    22  stm32f10x_adc.o(i.ADC_SoftwareStartConvCmd)
    ADC_StartCalibration                     0x08001649   Thumb Code    10  stm32f10x_adc.o(i.ADC_StartCalibration)
    ADC_TempSensorVrefintCmd                 0x08001655   Thumb Code    30  stm32f10x_adc.o(i.ADC_TempSensorVrefintCmd)
    BusFault_Handler                         0x08001679   Thumb Code     4  stm32f10x_it.o(i.BusFault_Handler)
    Check_WKUP                               0x0800167d   Thumb Code    28  wkup.o(i.Check_WKUP)
    DHT11_Check                              0x080016ad   Thumb Code    92  dht11.o(i.DHT11_Check)
    DHT11_Read_Bit                           0x08001711   Thumb Code    70  dht11.o(i.DHT11_Read_Bit)
    DHT11_Read_Byte                          0x0800175d   Thumb Code    30  dht11.o(i.DHT11_Read_Byte)
    DHT11_Read_Data                          0x0800177b   Thumb Code    88  dht11.o(i.DHT11_Read_Data)
    DHT11_Rst                                0x080017d5   Thumb Code    52  dht11.o(i.DHT11_Rst)
    DebugMon_Handler                         0x08001815   Thumb Code     2  stm32f10x_it.o(i.DebugMon_Handler)
    EXTI0_IRQHandler                         0x08001817   Thumb Code    20  wkup.o(i.EXTI0_IRQHandler)
    EXTI3_IRQHandler                         0x0800182d   Thumb Code    54  key.o(i.EXTI3_IRQHandler)
    EXTI4_IRQHandler                         0x08001875   Thumb Code    52  key.o(i.EXTI4_IRQHandler)
    EXTI_ClearITPendingBit                   0x080018b9   Thumb Code     6  stm32f10x_exti.o(i.EXTI_ClearITPendingBit)
    EXTI_Init                                0x080018c5   Thumb Code   142  stm32f10x_exti.o(i.EXTI_Init)
    GPIO_EXTILineConfig                      0x08001959   Thumb Code    60  stm32f10x_gpio.o(i.GPIO_EXTILineConfig)
    GPIO_Init                                0x08001999   Thumb Code   278  stm32f10x_gpio.o(i.GPIO_Init)
    GPIO_ReadInputDataBit                    0x08001aaf   Thumb Code    18  stm32f10x_gpio.o(i.GPIO_ReadInputDataBit)
    GPIO_ResetBits                           0x08001ac1   Thumb Code     4  stm32f10x_gpio.o(i.GPIO_ResetBits)
    GPIO_SetBits                             0x08001ac5   Thumb Code     4  stm32f10x_gpio.o(i.GPIO_SetBits)
    GetEchoTimer                             0x08001ac9   Thumb Code    40  hc-sr04.o(i.GetEchoTimer)
    Get_Temprate                             0x08001af9   Thumb Code   106  tsensor.o(i.Get_Temprate)
    HardFault_Handler                        0x08001b81   Thumb Code     4  stm32f10x_it.o(i.HardFault_Handler)
    Hcsr04GetLength                          0x08001b85   Thumb Code   150  hc-sr04.o(i.Hcsr04GetLength)
    Hcsr04Init                               0x08001c2d   Thumb Code   152  hc-sr04.o(i.Hcsr04Init)
    I2C_Start                                0x08001ccd   Thumb Code    40  oled.o(i.I2C_Start)
    I2C_Stop                                 0x08001cfd   Thumb Code    30  oled.o(i.I2C_Stop)
    I2C_WaitAck                              0x08001d25   Thumb Code    24  oled.o(i.I2C_WaitAck)
    KEY_Init                                 0x08001d41   Thumb Code    52  key.o(i.KEY_Init)
    LED_Init                                 0x08001d7d   Thumb Code    70  led.o(i.LED_Init)
    MemManage_Handler                        0x08001dcd   Thumb Code     4  stm32f10x_it.o(i.MemManage_Handler)
    Motor_Init                               0x08001dd1   Thumb Code    50  led.o(i.Motor_Init)
    NMI_Handler                              0x08001e09   Thumb Code     2  stm32f10x_it.o(i.NMI_Handler)
    NVIC_Init                                0x08001e0d   Thumb Code   100  misc.o(i.NVIC_Init)
    NVIC_PriorityGroupConfig                 0x08001e7d   Thumb Code    10  misc.o(i.NVIC_PriorityGroupConfig)
    OLED_Clear                               0x08001e91   Thumb Code    42  oled.o(i.OLED_Clear)
    OLED_ClearPoint                          0x08001ec1   Thumb Code    90  oled.o(i.OLED_ClearPoint)
    OLED_ColorTurn                           0x08001f21   Thumb Code    28  oled.o(i.OLED_ColorTurn)
    OLED_DisplayTurn                         0x08001f3d   Thumb Code    44  oled.o(i.OLED_DisplayTurn)
    OLED_DrawPoint                           0x08001f69   Thumb Code    54  oled.o(i.OLED_DrawPoint)
    OLED_Init                                0x08001fa5   Thumb Code   390  oled.o(i.OLED_Init)
    OLED_Refresh                             0x0800213d   Thumb Code    70  oled.o(i.OLED_Refresh)
    OLED_SHOW                                0x08002189   Thumb Code   160  main.o(i.OLED_SHOW)
    OLED_ShowChar                            0x08002245   Thumb Code   240  oled.o(i.OLED_ShowChar)
    OLED_ShowChinese                         0x08002341   Thumb Code   248  oled.o(i.OLED_ShowChinese)
    OLED_ShowString                          0x08002449   Thumb Code    66  oled.o(i.OLED_ShowString)
    OLED_WR_Byte                             0x0800248b   Thumb Code    56  oled.o(i.OLED_WR_Byte)
    PWR_EnterSTANDBYMode                     0x080024e9   Thumb Code    42  stm32f10x_pwr.o(i.PWR_EnterSTANDBYMode)
    PWR_WakeUpPinCmd                         0x0800251d   Thumb Code     6  stm32f10x_pwr.o(i.PWR_WakeUpPinCmd)
    PendSV_Handler                           0x08002529   Thumb Code     2  stm32f10x_it.o(i.PendSV_Handler)
    RCC_ADCCLKConfig                         0x0800252d   Thumb Code    18  stm32f10x_rcc.o(i.RCC_ADCCLKConfig)
    RCC_APB1PeriphClockCmd                   0x08002545   Thumb Code    26  stm32f10x_rcc.o(i.RCC_APB1PeriphClockCmd)
    RCC_APB1PeriphResetCmd                   0x08002565   Thumb Code    26  stm32f10x_rcc.o(i.RCC_APB1PeriphResetCmd)
    RCC_APB2PeriphClockCmd                   0x08002585   Thumb Code    26  stm32f10x_rcc.o(i.RCC_APB2PeriphClockCmd)
    RCC_APB2PeriphResetCmd                   0x080025a5   Thumb Code    26  stm32f10x_rcc.o(i.RCC_APB2PeriphResetCmd)
    RCC_GetClocksFreq                        0x080025c5   Thumb Code   192  stm32f10x_rcc.o(i.RCC_GetClocksFreq)
    SVC_Handler                              0x08002699   Thumb Code     2  stm32f10x_it.o(i.SVC_Handler)
    Send_Byte                                0x0800269d   Thumb Code    76  oled.o(i.Send_Byte)
    SysTick_CLKSourceConfig                  0x080027d9   Thumb Code    40  misc.o(i.SysTick_CLKSourceConfig)
    SysTick_Handler                          0x08002801   Thumb Code    12  stm32f10x_it.o(i.SysTick_Handler)
    Sys_Enter_Standby                        0x08002811   Thumb Code    18  wkup.o(i.Sys_Enter_Standby)
    Sys_Standby                              0x08002823   Thumb Code    22  wkup.o(i.Sys_Standby)
    SystemInit                               0x08002839   Thumb Code    78  system_stm32f10x.o(i.SystemInit)
    TIM2_Int_Init                            0x08002899   Thumb Code    90  usart.o(i.TIM2_Int_Init)
    TIM4_IRQHandler                          0x080028f9   Thumb Code    38  usart.o(i.TIM4_IRQHandler)
    TIM6_IRQHandler                          0x0800292d   Thumb Code    32  hc-sr04.o(i.TIM6_IRQHandler)
    TIM_ClearFlag                            0x08002955   Thumb Code     6  stm32f10x_tim.o(i.TIM_ClearFlag)
    TIM_ClearITPendingBit                    0x0800295b   Thumb Code     6  stm32f10x_tim.o(i.TIM_ClearITPendingBit)
    TIM_Cmd                                  0x08002961   Thumb Code    24  stm32f10x_tim.o(i.TIM_Cmd)
    TIM_DeInit                               0x08002979   Thumb Code   424  stm32f10x_tim.o(i.TIM_DeInit)
    TIM_GetCounter                           0x08002b61   Thumb Code     6  stm32f10x_tim.o(i.TIM_GetCounter)
    TIM_GetITStatus                          0x08002b67   Thumb Code    34  stm32f10x_tim.o(i.TIM_GetITStatus)
    TIM_ITConfig                             0x08002b89   Thumb Code    18  stm32f10x_tim.o(i.TIM_ITConfig)
    TIM_SetCounter                           0x08002b9b   Thumb Code     4  stm32f10x_tim.o(i.TIM_SetCounter)
    TIM_TimeBaseInit                         0x08002ba1   Thumb Code   122  stm32f10x_tim.o(i.TIM_TimeBaseInit)
    T_Adc_Init                               0x08002c45   Thumb Code   118  tsensor.o(i.T_Adc_Init)
    T_Get_Adc                                0x08002cc1   Thumb Code    46  tsensor.o(i.T_Get_Adc)
    T_Get_Adc_Average                        0x08002cf5   Thumb Code    46  tsensor.o(i.T_Get_Adc_Average)
    USART1_IRQHandler                        0x08002d25   Thumb Code    34  usart.o(i.USART1_IRQHandler)
    USART2_IRQHandler                        0x08002d4d   Thumb Code    32  usart.o(i.USART2_IRQHandler)
    USART_Cmd                                0x08002d71   Thumb Code    24  stm32f10x_usart.o(i.USART_Cmd)
    USART_GetFlagStatus                      0x08002d89   Thumb Code    26  stm32f10x_usart.o(i.USART_GetFlagStatus)
    USART_GetITStatus                        0x08002da3   Thumb Code    84  stm32f10x_usart.o(i.USART_GetITStatus)
    USART_ITConfig                           0x08002df7   Thumb Code    74  stm32f10x_usart.o(i.USART_ITConfig)
    USART_Init                               0x08002e41   Thumb Code   210  stm32f10x_usart.o(i.USART_Init)
    USART_ReceiveData                        0x08002f19   Thumb Code    10  stm32f10x_usart.o(i.USART_ReceiveData)
    USART_SendChar                           0x08002f23   Thumb Code    30  usart.o(i.USART_SendChar)
    USART_SendData                           0x08002f41   Thumb Code     8  stm32f10x_usart.o(i.USART_SendData)
    UsageFault_Handler                       0x08002f49   Thumb Code     4  stm32f10x_it.o(i.UsageFault_Handler)
    __ARM_fpclassify                         0x08002f4d   Thumb Code    40  fpclassify.o(i.__ARM_fpclassify)
    _is_digit                                0x08002f75   Thumb Code    14  __printf_wp.o(i._is_digit)
    _sys_exit                                0x08002f83   Thumb Code     4  usart.o(i._sys_exit)
    all_data_update                          0x08002f89   Thumb Code    66  protocol.o(i.all_data_update)
    anmimal_recognition_init                 0x08002fd5   Thumb Code    50  led.o(i.anmimal_recognition_init)
    data_handle                              0x0800300d   Thumb Code   188  system.o(i.data_handle)
    delay_init                               0x08003119   Thumb Code    50  delay.o(i.delay_init)
    delay_ms                                 0x0800315d   Thumb Code    72  delay.o(i.delay_ms)
    delay_us                                 0x080031a9   Thumb Code    72  delay.o(i.delay_us)
    dp_download_handle                       0x0800328d   Thumb Code    86  protocol.o(i.dp_download_handle)
    exti_init                                0x080033f9   Thumb Code   178  key.o(i.exti_init)
    fputc                                    0x080034ad   Thumb Code    24  usart.o(i.fputc)
    get_check_sum                            0x080034c9   Thumb Code    28  system.o(i.get_check_sum)
    get_download_cmd_total                   0x08003511   Thumb Code     4  protocol.o(i.get_download_cmd_total)
    hcsr04_NVIC                              0x08003539   Thumb Code    40  hc-sr04.o(i.hcsr04_NVIC)
    main                                     0x08003599   Thumb Code   154  main.o(i.main)
    mcu_dp_bool_update                       0x08003641   Thumb Code    96  mcu_api.o(i.mcu_dp_bool_update)
    mcu_dp_enum_update                       0x080036a5   Thumb Code    82  mcu_api.o(i.mcu_dp_enum_update)
    mcu_dp_fault_update                      0x080036fd   Thumb Code   194  mcu_api.o(i.mcu_dp_fault_update)
    mcu_dp_value_update                      0x080037c5   Thumb Code   116  mcu_api.o(i.mcu_dp_value_update)
    mcu_get_dp_download_bool                 0x0800383d   Thumb Code     6  mcu_api.o(i.mcu_get_dp_download_bool)
    mcu_get_dp_download_enum                 0x08003843   Thumb Code     6  mcu_api.o(i.mcu_get_dp_download_enum)
    mcu_set_wifi_mode                        0x08003849   Thumb Code    34  mcu_api.o(i.mcu_set_wifi_mode)
    moto_close                               0x08003871   Thumb Code   192  led.o(i.moto_close)
    moto_init                                0x08003939   Thumb Code    40  led.o(i.moto_init)
    moto_open                                0x08003965   Thumb Code   388  led.o(i.moto_open)
    my_memcpy                                0x08003af1   Thumb Code    68  mcu_api.o(i.my_memcpy)
    my_strlen                                0x08003b35   Thumb Code    28  mcu_api.o(i.my_strlen)
    read_allnum                              0x08003c2d   Thumb Code    94  main.o(i.read_allnum)
    set_wifi_uart_buffer                     0x08003ccd   Thumb Code    34  system.o(i.set_wifi_uart_buffer)
    set_wifi_uart_byte                       0x08003cf5   Thumb Code    12  system.o(i.set_wifi_uart_byte)
    sr04_value                               0x08003d05   Thumb Code    98  hc-sr04.o(i.sr04_value)
    take_byte_rxbuff                         0x08003d8d   Thumb Code    46  system.o(i.take_byte_rxbuff)
    uart_init1                               0x08003dc9   Thumb Code   160  usart.o(i.uart_init1)
    uart_receive_input                       0x08003e71   Thumb Code    74  mcu_api.o(i.uart_receive_input)
    uart_transmit_output                     0x08003ec9   Thumb Code    14  protocol.o(i.uart_transmit_output)
    usart_init2                              0x08003edd   Thumb Code   162  usart.o(i.usart_init2)
    wifi_protocol_init                       0x08003f89   Thumb Code    24  mcu_api.o(i.wifi_protocol_init)
    wifi_test_result                         0x08003fb5   Thumb Code     8  protocol.o(i.wifi_test_result)
    wifi_uart_service                        0x08003fbd   Thumb Code   238  mcu_api.o(i.wifi_uart_service)
    wifi_uart_write_frame                    0x080040d9   Thumb Code    68  system.o(i.wifi_uart_write_frame)
    with_data_rxbuff                         0x08004121   Thumb Code    20  system.o(i.with_data_rxbuff)
    _get_lc_numeric                          0x0800413d   Thumb Code    44  lc_numeric_c.o(locale$$code)
    __aeabi_d2f                              0x08004169   Thumb Code     0  d2f.o(x$fpl$d2f)
    _d2f                                     0x08004169   Thumb Code    98  d2f.o(x$fpl$d2f)
    __aeabi_dadd                             0x080041cd   Thumb Code     0  daddsub_clz.o(x$fpl$dadd)
    _dadd                                    0x080041cd   Thumb Code   332  daddsub_clz.o(x$fpl$dadd)
    __aeabi_ddiv                             0x0800431d   Thumb Code     0  ddiv.o(x$fpl$ddiv)
    _ddiv                                    0x0800431d   Thumb Code   552  ddiv.o(x$fpl$ddiv)
    __aeabi_d2iz                             0x080045cd   Thumb Code     0  dfix.o(x$fpl$dfix)
    _dfix                                    0x080045cd   Thumb Code    94  dfix.o(x$fpl$dfix)
    __aeabi_dmul                             0x0800462d   Thumb Code     0  dmul.o(x$fpl$dmul)
    _dmul                                    0x0800462d   Thumb Code   332  dmul.o(x$fpl$dmul)
    __fpl_dnaninf                            0x08004781   Thumb Code   156  dnaninf.o(x$fpl$dnaninf)
    __fpl_dretinf                            0x0800481d   Thumb Code    12  dretinf.o(x$fpl$dretinf)
    __aeabi_dsub                             0x08004829   Thumb Code     0  daddsub_clz.o(x$fpl$dsub)
    _dsub                                    0x08004829   Thumb Code   464  daddsub_clz.o(x$fpl$dsub)
    __aeabi_f2d                              0x080049fd   Thumb Code     0  f2d.o(x$fpl$f2d)
    _f2d                                     0x080049fd   Thumb Code    86  f2d.o(x$fpl$f2d)
    __aeabi_fadd                             0x08004a55   Thumb Code     0  faddsub_clz.o(x$fpl$fadd)
    _fadd                                    0x08004a55   Thumb Code   196  faddsub_clz.o(x$fpl$fadd)
    __aeabi_f2iz                             0x08004b19   Thumb Code     0  ffix.o(x$fpl$ffix)
    _ffix                                    0x08004b19   Thumb Code    54  ffix.o(x$fpl$ffix)
    __aeabi_i2f                              0x08004b51   Thumb Code     0  fflt_clz.o(x$fpl$fflt)
    _fflt                                    0x08004b51   Thumb Code    48  fflt_clz.o(x$fpl$fflt)
    __aeabi_ui2f                             0x08004b81   Thumb Code     0  fflt_clz.o(x$fpl$ffltu)
    _ffltu                                   0x08004b81   Thumb Code    38  fflt_clz.o(x$fpl$ffltu)
    __fpl_fnaninf                            0x08004ba7   Thumb Code   140  fnaninf.o(x$fpl$fnaninf)
    __fpl_fretinf                            0x08004c33   Thumb Code    10  fretinf.o(x$fpl$fretinf)
    __aeabi_fsub                             0x08004c3d   Thumb Code     0  faddsub_clz.o(x$fpl$fsub)
    _fsub                                    0x08004c3d   Thumb Code   234  faddsub_clz.o(x$fpl$fsub)
    _printf_fp_dec                           0x08004d27   Thumb Code     4  printf1.o(x$fpl$printf1)
    __I$use$fp                               0x08004d2a   Number         0  usenofp.o(x$fpl$usenofp)
    asc2_1206                                0x08004d2a   Data        1140  oled.o(.constdata)
    asc2_1608                                0x0800519e   Data        1520  oled.o(.constdata)
    asc2_2412                                0x0800578e   Data        3420  oled.o(.constdata)
    download_cmd                             0x080064ea   Data          14  protocol.o(.constdata)
    Region$$Table$$Base                      0x0800658c   Number         0  anon$$obj.o(Region$$Table)
    Region$$Table$$Limit                     0x080065ac   Number         0  anon$$obj.o(Region$$Table)
    BMP1                                     0x20000000   Data        1024  main.o(.data)
    BMP2                                     0x20000400   Data        1024  main.o(.data)
    i                                        0x20000800   Data           4  main.o(.data)
    temp                                     0x20000804   Data           2  main.o(.data)
    temp2                                    0x20000806   Data           2  main.o(.data)
    anmimal_test                             0x20000808   Data           4  main.o(.data)
    temperature                              0x2000080c   Data           1  main.o(.data)
    humidity                                 0x2000080d   Data           1  main.o(.data)
    didatime                                 0x20000810   Data           4  main.o(.data)
    t                                        0x20000814   Data           1  main.o(.data)
    len                                      0x20000816   Data           2  main.o(.data)
    times                                    0x20000818   Data           2  main.o(.data)
    SystemCoreClock                          0x2000081c   Data           4  system_stm32f10x.o(.data)
    AHBPrescTable                            0x20000820   Data          16  system_stm32f10x.o(.data)
    moto_flag                                0x20000830   Data           4  led.o(.data)
    moto_fla                                 0x20000834   Data           4  led.o(.data)
    msHcCount                                0x20000838   Data           2  hc-sr04.o(.data)
    x                                        0x2000083c   Data           4  hc-sr04.o(.data)
    y                                        0x20000840   Data           4  hc-sr04.o(.data)
    Hzk1                                     0x20000844   Data         800  oled.o(.data)
    Hzk2                                     0x20000b64   Data         216  oled.o(.data)
    Hzk3                                     0x20000c3c   Data         512  oled.o(.data)
    Hzk4                                     0x20000e3c   Data        4096  oled.o(.data)
    tim2                                     0x20001e40   Data           4  usart.o(.data)
    __stdout                                 0x20001e44   Data           4  usart.o(.data)
    USART_RX_STA                             0x20001e48   Data           2  usart.o(.data)
    wifi_work_state                          0x20001e4c   Data           2  mcu_api.o(.data)
    reset_wifi_flag                          0x20001e50   Data           4  mcu_api.o(.data)
    set_wifimode_flag                        0x20001e54   Data           4  mcu_api.o(.data)
    feed_weight                              0x20001e60   Data           8  protocol.o(.data)
    power                                    0x20001e68   Data           4  protocol.o(.data)
    rx_buf_in                                0x20001e6c   Data           4  system.o(.data)
    rx_buf_out                               0x20001e70   Data           4  system.o(.data)
    stop_update_flag                         0x20001e74   Data           1  system.o(.data)
    num                                      0x20001e8c   Data         100  main.o(.bss)
    olednum                                  0x20001ef0   Data         100  main.o(.bss)
    sror_to_capacity                         0x20001f54   Data          40  hc-sr04.o(.bss)
    OLED_GRAM                                0x20001f7c   Data        1152  oled.o(.bss)
    wifi_data_process_buf                    0x200023fc   Data          55  system.o(.bss)
    wifi_uart_rx_buf                         0x20002433   Data          32  system.o(.bss)
    wifi_uart_tx_buf                         0x20002453   Data          55  system.o(.bss)
    __libspace_start                         0x2000248c   Data          96  libspace.o(.bss)
    __temporary_stack_top$libspace           0x200024ec   Data           0  libspace.o(.bss)



==============================================================================

Memory Map of the image

  Image Entry point : 0x08000131

  Load Region LR_IROM1 (Base: 0x08000000, Size: 0x00008454, Max: 0x00080000, ABSOLUTE, COMPRESSED[0x00006a84])

    Execution Region ER_IROM1 (Exec base: 0x08000000, Load base: 0x08000000, Size: 0x000065c8, Max: 0x00080000, ABSOLUTE)

    Exec Addr    Load Addr    Size         Type   Attr      Idx    E Section Name        Object

    0x08000000   0x08000000   0x00000130   Data   RO         1176    RESET               startup_stm32f10x_hd.o
    0x08000130   0x08000130   0x00000008   Code   RO         3263  * !!!main             c_w.l(__main.o)
    0x08000138   0x08000138   0x00000034   Code   RO         3529    !!!scatter          c_w.l(__scatter.o)
    0x0800016c   0x0800016c   0x0000005a   Code   RO         3527    !!dczerorl2         c_w.l(__dczerorl2.o)
    0x080001c6   0x080001c6   0x00000002   PAD
    0x080001c8   0x080001c8   0x0000001c   Code   RO         3531    !!handler_zi        c_w.l(__scatter_zi.o)
    0x080001e4   0x080001e4   0x00000000   Code   RO         3260    .ARM.Collect$$_printf_percent$$00000000  c_w.l(_printf_percent.o)
    0x080001e4   0x080001e4   0x00000006   Code   RO         3259    .ARM.Collect$$_printf_percent$$00000003  c_w.l(_printf_f.o)
    0x080001ea   0x080001ea   0x00000006   Code   RO         3258    .ARM.Collect$$_printf_percent$$00000009  c_w.l(_printf_d.o)
    0x080001f0   0x080001f0   0x00000006   Code   RO         3257    .ARM.Collect$$_printf_percent$$00000014  c_w.l(_printf_s.o)
    0x080001f6   0x080001f6   0x00000004   Code   RO         3318    .ARM.Collect$$_printf_percent$$00000017  c_w.l(_printf_percent_end.o)
    0x080001fa   0x080001fa   0x00000002   Code   RO         3404    .ARM.Collect$$libinit$$00000000  c_w.l(libinit.o)
    0x080001fc   0x080001fc   0x00000000   Code   RO         3406    .ARM.Collect$$libinit$$00000002  c_w.l(libinit2.o)
    0x080001fc   0x080001fc   0x00000000   Code   RO         3408    .ARM.Collect$$libinit$$00000004  c_w.l(libinit2.o)
    0x080001fc   0x080001fc   0x00000000   Code   RO         3411    .ARM.Collect$$libinit$$0000000A  c_w.l(libinit2.o)
    0x080001fc   0x080001fc   0x00000000   Code   RO         3413    .ARM.Collect$$libinit$$0000000C  c_w.l(libinit2.o)
    0x080001fc   0x080001fc   0x00000000   Code   RO         3415    .ARM.Collect$$libinit$$0000000E  c_w.l(libinit2.o)
    0x080001fc   0x080001fc   0x00000006   Code   RO         3416    .ARM.Collect$$libinit$$0000000F  c_w.l(libinit2.o)
    0x08000202   0x08000202   0x00000000   Code   RO         3418    .ARM.Collect$$libinit$$00000011  c_w.l(libinit2.o)
    0x08000202   0x08000202   0x00000000   Code   RO         3420    .ARM.Collect$$libinit$$00000013  c_w.l(libinit2.o)
    0x08000202   0x08000202   0x00000000   Code   RO         3422    .ARM.Collect$$libinit$$00000015  c_w.l(libinit2.o)
    0x08000202   0x08000202   0x0000000a   Code   RO         3423    .ARM.Collect$$libinit$$00000016  c_w.l(libinit2.o)
    0x0800020c   0x0800020c   0x00000000   Code   RO         3424    .ARM.Collect$$libinit$$00000017  c_w.l(libinit2.o)
    0x0800020c   0x0800020c   0x00000000   Code   RO         3426    .ARM.Collect$$libinit$$00000019  c_w.l(libinit2.o)
    0x0800020c   0x0800020c   0x00000000   Code   RO         3428    .ARM.Collect$$libinit$$0000001B  c_w.l(libinit2.o)
    0x0800020c   0x0800020c   0x00000000   Code   RO         3430    .ARM.Collect$$libinit$$0000001D  c_w.l(libinit2.o)
    0x0800020c   0x0800020c   0x00000000   Code   RO         3432    .ARM.Collect$$libinit$$0000001F  c_w.l(libinit2.o)
    0x0800020c   0x0800020c   0x00000000   Code   RO         3434    .ARM.Collect$$libinit$$00000021  c_w.l(libinit2.o)
    0x0800020c   0x0800020c   0x00000000   Code   RO         3436    .ARM.Collect$$libinit$$00000023  c_w.l(libinit2.o)
    0x0800020c   0x0800020c   0x00000000   Code   RO         3438    .ARM.Collect$$libinit$$00000025  c_w.l(libinit2.o)
    0x0800020c   0x0800020c   0x00000000   Code   RO         3442    .ARM.Collect$$libinit$$0000002C  c_w.l(libinit2.o)
    0x0800020c   0x0800020c   0x00000000   Code   RO         3444    .ARM.Collect$$libinit$$0000002E  c_w.l(libinit2.o)
    0x0800020c   0x0800020c   0x00000000   Code   RO         3446    .ARM.Collect$$libinit$$00000030  c_w.l(libinit2.o)
    0x0800020c   0x0800020c   0x00000000   Code   RO         3448    .ARM.Collect$$libinit$$00000032  c_w.l(libinit2.o)
    0x0800020c   0x0800020c   0x00000002   Code   RO         3449    .ARM.Collect$$libinit$$00000033  c_w.l(libinit2.o)
    0x0800020e   0x0800020e   0x00000002   Code   RO         3477    .ARM.Collect$$libshutdown$$00000000  c_w.l(libshutdown.o)
    0x08000210   0x08000210   0x00000000   Code   RO         3486    .ARM.Collect$$libshutdown$$00000002  c_w.l(libshutdown2.o)
    0x08000210   0x08000210   0x00000000   Code   RO         3488    .ARM.Collect$$libshutdown$$00000004  c_w.l(libshutdown2.o)
    0x08000210   0x08000210   0x00000000   Code   RO         3491    .ARM.Collect$$libshutdown$$00000007  c_w.l(libshutdown2.o)
    0x08000210   0x08000210   0x00000000   Code   RO         3494    .ARM.Collect$$libshutdown$$0000000A  c_w.l(libshutdown2.o)
    0x08000210   0x08000210   0x00000000   Code   RO         3496    .ARM.Collect$$libshutdown$$0000000C  c_w.l(libshutdown2.o)
    0x08000210   0x08000210   0x00000000   Code   RO         3499    .ARM.Collect$$libshutdown$$0000000F  c_w.l(libshutdown2.o)
    0x08000210   0x08000210   0x00000002   Code   RO         3500    .ARM.Collect$$libshutdown$$00000010  c_w.l(libshutdown2.o)
    0x08000212   0x08000212   0x00000000   Code   RO         3305    .ARM.Collect$$rtentry$$00000000  c_w.l(__rtentry.o)
    0x08000212   0x08000212   0x00000000   Code   RO         3329    .ARM.Collect$$rtentry$$00000002  c_w.l(__rtentry2.o)
    0x08000212   0x08000212   0x00000006   Code   RO         3341    .ARM.Collect$$rtentry$$00000004  c_w.l(__rtentry4.o)
    0x08000218   0x08000218   0x00000000   Code   RO         3331    .ARM.Collect$$rtentry$$00000009  c_w.l(__rtentry2.o)
    0x08000218   0x08000218   0x00000004   Code   RO         3332    .ARM.Collect$$rtentry$$0000000A  c_w.l(__rtentry2.o)
    0x0800021c   0x0800021c   0x00000000   Code   RO         3334    .ARM.Collect$$rtentry$$0000000C  c_w.l(__rtentry2.o)
    0x0800021c   0x0800021c   0x00000008   Code   RO         3335    .ARM.Collect$$rtentry$$0000000D  c_w.l(__rtentry2.o)
    0x08000224   0x08000224   0x00000002   Code   RO         3450    .ARM.Collect$$rtexit$$00000000  c_w.l(rtexit.o)
    0x08000226   0x08000226   0x00000000   Code   RO         3457    .ARM.Collect$$rtexit$$00000002  c_w.l(rtexit2.o)
    0x08000226   0x08000226   0x00000004   Code   RO         3458    .ARM.Collect$$rtexit$$00000003  c_w.l(rtexit2.o)
    0x0800022a   0x0800022a   0x00000006   Code   RO         3459    .ARM.Collect$$rtexit$$00000004  c_w.l(rtexit2.o)
    0x08000230   0x08000230   0x00000040   Code   RO         1177    .text               startup_stm32f10x_hd.o
    0x08000270   0x08000270   0x00000002   Code   RO         3221    .text               c_w.l(use_no_semi_2.o)
    0x08000272   0x08000272   0x00000002   PAD
    0x08000274   0x08000274   0x00000018   Code   RO         3227    .text               c_w.l(noretval__2printf.o)
    0x0800028c   0x0800028c   0x00000028   Code   RO         3229    .text               c_w.l(noretval__2sprintf.o)
    0x080002b4   0x080002b4   0x00000052   Code   RO         3233    .text               c_w.l(_printf_str.o)
    0x08000306   0x08000306   0x00000002   PAD
    0x08000308   0x08000308   0x00000078   Code   RO         3235    .text               c_w.l(_printf_dec.o)
    0x08000380   0x08000380   0x0000010e   Code   RO         3245    .text               c_w.l(__printf_wp.o)
    0x0800048e   0x0800048e   0x00000006   Code   RO         3261    .text               c_w.l(heapauxi.o)
    0x08000494   0x08000494   0x00000002   Code   RO         3303    .text               c_w.l(use_no_semi.o)
    0x08000496   0x08000496   0x000000b2   Code   RO         3306    .text               c_w.l(_printf_intcommon.o)
    0x08000548   0x08000548   0x0000041e   Code   RO         3308    .text               c_w.l(_printf_fp_dec.o)
    0x08000966   0x08000966   0x00000002   PAD
    0x08000968   0x08000968   0x00000030   Code   RO         3310    .text               c_w.l(_printf_char_common.o)
    0x08000998   0x08000998   0x0000000a   Code   RO         3312    .text               c_w.l(_sputc.o)
    0x080009a2   0x080009a2   0x0000002c   Code   RO         3314    .text               c_w.l(_printf_char.o)
    0x080009ce   0x080009ce   0x00000002   PAD
    0x080009d0   0x080009d0   0x00000024   Code   RO         3316    .text               c_w.l(_printf_char_file.o)
    0x080009f4   0x080009f4   0x00000008   Code   RO         3346    .text               c_w.l(rt_locale_intlibspace.o)
    0x080009fc   0x080009fc   0x0000008a   Code   RO         3348    .text               c_w.l(lludiv10.o)
    0x08000a86   0x08000a86   0x00000002   PAD
    0x08000a88   0x08000a88   0x00000080   Code   RO         3350    .text               c_w.l(_printf_fp_infnan.o)
    0x08000b08   0x08000b08   0x000000e4   Code   RO         3354    .text               c_w.l(bigflt0.o)
    0x08000bec   0x08000bec   0x00000008   Code   RO         3379    .text               c_w.l(ferror.o)
    0x08000bf4   0x08000bf4   0x00000008   Code   RO         3390    .text               c_w.l(libspace.o)
    0x08000bfc   0x08000bfc   0x0000004a   Code   RO         3393    .text               c_w.l(sys_stackheap_outer.o)
    0x08000c46   0x08000c46   0x00000012   Code   RO         3395    .text               c_w.l(exit.o)
    0x08000c58   0x08000c58   0x00000080   Code   RO         3397    .text               c_w.l(strcmpv7m.o)
    0x08000cd8   0x08000cd8   0x0000003e   Code   RO         3357    CL$$btod_d2e        c_w.l(btod.o)
    0x08000d16   0x08000d16   0x00000046   Code   RO         3359    CL$$btod_d2e_denorm_low  c_w.l(btod.o)
    0x08000d5c   0x08000d5c   0x00000060   Code   RO         3358    CL$$btod_d2e_norm_op1  c_w.l(btod.o)
    0x08000dbc   0x08000dbc   0x00000338   Code   RO         3367    CL$$btod_div_common  c_w.l(btod.o)
    0x080010f4   0x080010f4   0x000000dc   Code   RO         3364    CL$$btod_e2e        c_w.l(btod.o)
    0x080011d0   0x080011d0   0x0000002a   Code   RO         3361    CL$$btod_ediv       c_w.l(btod.o)
    0x080011fa   0x080011fa   0x0000002a   Code   RO         3360    CL$$btod_emul       c_w.l(btod.o)
    0x08001224   0x08001224   0x00000244   Code   RO         3366    CL$$btod_mult_common  c_w.l(btod.o)
    0x08001468   0x08001468   0x00000016   Code   RO         2889    i.ADC_Cmd           stm32f10x_adc.o
    0x0800147e   0x0800147e   0x00000002   PAD
    0x08001480   0x08001480   0x0000005c   Code   RO         2891    i.ADC_DeInit        stm32f10x_adc.o
    0x080014dc   0x080014dc   0x00000014   Code   RO         2897    i.ADC_GetCalibrationStatus  stm32f10x_adc.o
    0x080014f0   0x080014f0   0x00000008   Code   RO         2898    i.ADC_GetConversionValue  stm32f10x_adc.o
    0x080014f8   0x080014f8   0x00000012   Code   RO         2900    i.ADC_GetFlagStatus  stm32f10x_adc.o
    0x0800150a   0x0800150a   0x00000014   Code   RO         2903    i.ADC_GetResetCalibrationStatus  stm32f10x_adc.o
    0x0800151e   0x0800151e   0x00000002   PAD
    0x08001520   0x08001520   0x00000050   Code   RO         2907    i.ADC_Init          stm32f10x_adc.o
    0x08001570   0x08001570   0x000000b8   Code   RO         2911    i.ADC_RegularChannelConfig  stm32f10x_adc.o
    0x08001628   0x08001628   0x0000000a   Code   RO         2912    i.ADC_ResetCalibration  stm32f10x_adc.o
    0x08001632   0x08001632   0x00000016   Code   RO         2914    i.ADC_SoftwareStartConvCmd  stm32f10x_adc.o
    0x08001648   0x08001648   0x0000000a   Code   RO         2916    i.ADC_StartCalibration  stm32f10x_adc.o
    0x08001652   0x08001652   0x00000002   PAD
    0x08001654   0x08001654   0x00000024   Code   RO         2918    i.ADC_TempSensorVrefintCmd  stm32f10x_adc.o
    0x08001678   0x08001678   0x00000004   Code   RO          172    i.BusFault_Handler  stm32f10x_it.o
    0x0800167c   0x0800167c   0x00000020   Code   RO          524    i.Check_WKUP        wkup.o
    0x0800169c   0x0800169c   0x00000010   Code   RO          378    i.CloseTimerForHc   hc-sr04.o
    0x080016ac   0x080016ac   0x00000064   Code   RO          482    i.DHT11_Check       dht11.o
    0x08001710   0x08001710   0x0000004c   Code   RO          484    i.DHT11_Read_Bit    dht11.o
    0x0800175c   0x0800175c   0x0000001e   Code   RO          485    i.DHT11_Read_Byte   dht11.o
    0x0800177a   0x0800177a   0x00000058   Code   RO          486    i.DHT11_Read_Data   dht11.o
    0x080017d2   0x080017d2   0x00000002   PAD
    0x080017d4   0x080017d4   0x00000040   Code   RO          487    i.DHT11_Rst         dht11.o
    0x08001814   0x08001814   0x00000002   Code   RO          173    i.DebugMon_Handler  stm32f10x_it.o
    0x08001816   0x08001816   0x00000014   Code   RO          525    i.EXTI0_IRQHandler  wkup.o
    0x0800182a   0x0800182a   0x00000002   PAD
    0x0800182c   0x0800182c   0x00000048   Code   RO          341    i.EXTI3_IRQHandler  key.o
    0x08001874   0x08001874   0x00000044   Code   RO          342    i.EXTI4_IRQHandler  key.o
    0x080018b8   0x080018b8   0x0000000c   Code   RO         3106    i.EXTI_ClearITPendingBit  stm32f10x_exti.o
    0x080018c4   0x080018c4   0x00000094   Code   RO         3111    i.EXTI_Init         stm32f10x_exti.o
    0x08001958   0x08001958   0x00000040   Code   RO         1220    i.GPIO_EXTILineConfig  stm32f10x_gpio.o
    0x08001998   0x08001998   0x00000116   Code   RO         1223    i.GPIO_Init         stm32f10x_gpio.o
    0x08001aae   0x08001aae   0x00000012   Code   RO         1227    i.GPIO_ReadInputDataBit  stm32f10x_gpio.o
    0x08001ac0   0x08001ac0   0x00000004   Code   RO         1230    i.GPIO_ResetBits    stm32f10x_gpio.o
    0x08001ac4   0x08001ac4   0x00000004   Code   RO         1231    i.GPIO_SetBits      stm32f10x_gpio.o
    0x08001ac8   0x08001ac8   0x00000030   Code   RO          379    i.GetEchoTimer      hc-sr04.o
    0x08001af8   0x08001af8   0x00000088   Code   RO          443    i.Get_Temprate      tsensor.o
    0x08001b80   0x08001b80   0x00000004   Code   RO          174    i.HardFault_Handler  stm32f10x_it.o
    0x08001b84   0x08001b84   0x000000a8   Code   RO          380    i.Hcsr04GetLength   hc-sr04.o
    0x08001c2c   0x08001c2c   0x000000a0   Code   RO          381    i.Hcsr04Init        hc-sr04.o
    0x08001ccc   0x08001ccc   0x00000030   Code   RO          563    i.I2C_Start         oled.o
    0x08001cfc   0x08001cfc   0x00000028   Code   RO          564    i.I2C_Stop          oled.o
    0x08001d24   0x08001d24   0x0000001c   Code   RO          565    i.I2C_WaitAck       oled.o
    0x08001d40   0x08001d40   0x0000003c   Code   RO          343    i.KEY_Init          key.o
    0x08001d7c   0x08001d7c   0x00000050   Code   RO          296    i.LED_Init          led.o
    0x08001dcc   0x08001dcc   0x00000004   Code   RO          175    i.MemManage_Handler  stm32f10x_it.o
    0x08001dd0   0x08001dd0   0x00000038   Code   RO          297    i.Motor_Init        led.o
    0x08001e08   0x08001e08   0x00000002   Code   RO          176    i.NMI_Handler       stm32f10x_it.o
    0x08001e0a   0x08001e0a   0x00000002   PAD
    0x08001e0c   0x08001e0c   0x00000070   Code   RO         1181    i.NVIC_Init         misc.o
    0x08001e7c   0x08001e7c   0x00000014   Code   RO         1182    i.NVIC_PriorityGroupConfig  misc.o
    0x08001e90   0x08001e90   0x00000030   Code   RO          566    i.OLED_Clear        oled.o
    0x08001ec0   0x08001ec0   0x00000060   Code   RO          567    i.OLED_ClearPoint   oled.o
    0x08001f20   0x08001f20   0x0000001c   Code   RO          568    i.OLED_ColorTurn    oled.o
    0x08001f3c   0x08001f3c   0x0000002c   Code   RO          571    i.OLED_DisplayTurn  oled.o
    0x08001f68   0x08001f68   0x0000003c   Code   RO          574    i.OLED_DrawPoint    oled.o
    0x08001fa4   0x08001fa4   0x00000198   Code   RO          575    i.OLED_Init         oled.o
    0x0800213c   0x0800213c   0x0000004c   Code   RO          577    i.OLED_Refresh      oled.o
    0x08002188   0x08002188   0x000000bc   Code   RO            1    i.OLED_SHOW         main.o
    0x08002244   0x08002244   0x000000fc   Code   RO          579    i.OLED_ShowChar     oled.o
    0x08002340   0x08002340   0x00000108   Code   RO          580    i.OLED_ShowChinese  oled.o
    0x08002448   0x08002448   0x00000042   Code   RO          583    i.OLED_ShowString   oled.o
    0x0800248a   0x0800248a   0x00000038   Code   RO          585    i.OLED_WR_Byte      oled.o
    0x080024c2   0x080024c2   0x00000002   PAD
    0x080024c4   0x080024c4   0x00000024   Code   RO          382    i.OpenTimerForHc    hc-sr04.o
    0x080024e8   0x080024e8   0x00000034   Code   RO         3162    i.PWR_EnterSTANDBYMode  stm32f10x_pwr.o
    0x0800251c   0x0800251c   0x0000000c   Code   RO         3167    i.PWR_WakeUpPinCmd  stm32f10x_pwr.o
    0x08002528   0x08002528   0x00000002   Code   RO          177    i.PendSV_Handler    stm32f10x_it.o
    0x0800252a   0x0800252a   0x00000002   PAD
    0x0800252c   0x0800252c   0x00000018   Code   RO         1331    i.RCC_ADCCLKConfig  stm32f10x_rcc.o
    0x08002544   0x08002544   0x00000020   Code   RO         1333    i.RCC_APB1PeriphClockCmd  stm32f10x_rcc.o
    0x08002564   0x08002564   0x00000020   Code   RO         1334    i.RCC_APB1PeriphResetCmd  stm32f10x_rcc.o
    0x08002584   0x08002584   0x00000020   Code   RO         1335    i.RCC_APB2PeriphClockCmd  stm32f10x_rcc.o
    0x080025a4   0x080025a4   0x00000020   Code   RO         1336    i.RCC_APB2PeriphResetCmd  stm32f10x_rcc.o
    0x080025c4   0x080025c4   0x000000d4   Code   RO         1343    i.RCC_GetClocksFreq  stm32f10x_rcc.o
    0x08002698   0x08002698   0x00000002   Code   RO          178    i.SVC_Handler       stm32f10x_it.o
    0x0800269a   0x0800269a   0x00000002   PAD
    0x0800269c   0x0800269c   0x00000054   Code   RO          586    i.Send_Byte         oled.o
    0x080026f0   0x080026f0   0x00000008   Code   RO          262    i.SetSysClock       system_stm32f10x.o
    0x080026f8   0x080026f8   0x000000e0   Code   RO          263    i.SetSysClockTo72   system_stm32f10x.o
    0x080027d8   0x080027d8   0x00000028   Code   RO         1185    i.SysTick_CLKSourceConfig  misc.o
    0x08002800   0x08002800   0x00000010   Code   RO          179    i.SysTick_Handler   stm32f10x_it.o
    0x08002810   0x08002810   0x00000012   Code   RO          526    i.Sys_Enter_Standby  wkup.o
    0x08002822   0x08002822   0x00000016   Code   RO          527    i.Sys_Standby       wkup.o
    0x08002838   0x08002838   0x00000060   Code   RO          265    i.SystemInit        system_stm32f10x.o
    0x08002898   0x08002898   0x00000060   Code   RO          779    i.TIM2_Int_Init     usart.o
    0x080028f8   0x080028f8   0x00000034   Code   RO          780    i.TIM4_IRQHandler   usart.o
    0x0800292c   0x0800292c   0x00000028   Code   RO          383    i.TIM6_IRQHandler   hc-sr04.o
    0x08002954   0x08002954   0x00000006   Code   RO         2345    i.TIM_ClearFlag     stm32f10x_tim.o
    0x0800295a   0x0800295a   0x00000006   Code   RO         2346    i.TIM_ClearITPendingBit  stm32f10x_tim.o
    0x08002960   0x08002960   0x00000018   Code   RO         2351    i.TIM_Cmd           stm32f10x_tim.o
    0x08002978   0x08002978   0x000001e8   Code   RO         2356    i.TIM_DeInit        stm32f10x_tim.o
    0x08002b60   0x08002b60   0x00000006   Code   RO         2370    i.TIM_GetCounter    stm32f10x_tim.o
    0x08002b66   0x08002b66   0x00000022   Code   RO         2372    i.TIM_GetITStatus   stm32f10x_tim.o
    0x08002b88   0x08002b88   0x00000012   Code   RO         2376    i.TIM_ITConfig      stm32f10x_tim.o
    0x08002b9a   0x08002b9a   0x00000004   Code   RO         2416    i.TIM_SetCounter    stm32f10x_tim.o
    0x08002b9e   0x08002b9e   0x00000002   PAD
    0x08002ba0   0x08002ba0   0x000000a4   Code   RO         2422    i.TIM_TimeBaseInit  stm32f10x_tim.o
    0x08002c44   0x08002c44   0x0000007c   Code   RO          444    i.T_Adc_Init        tsensor.o
    0x08002cc0   0x08002cc0   0x00000034   Code   RO          445    i.T_Get_Adc         tsensor.o
    0x08002cf4   0x08002cf4   0x0000002e   Code   RO          446    i.T_Get_Adc_Average  tsensor.o
    0x08002d22   0x08002d22   0x00000002   PAD
    0x08002d24   0x08002d24   0x00000028   Code   RO          781    i.USART1_IRQHandler  usart.o
    0x08002d4c   0x08002d4c   0x00000024   Code   RO          782    i.USART2_IRQHandler  usart.o
    0x08002d70   0x08002d70   0x00000018   Code   RO         1535    i.USART_Cmd         stm32f10x_usart.o
    0x08002d88   0x08002d88   0x0000001a   Code   RO         1538    i.USART_GetFlagStatus  stm32f10x_usart.o
    0x08002da2   0x08002da2   0x00000054   Code   RO         1539    i.USART_GetITStatus  stm32f10x_usart.o
    0x08002df6   0x08002df6   0x0000004a   Code   RO         1541    i.USART_ITConfig    stm32f10x_usart.o
    0x08002e40   0x08002e40   0x000000d8   Code   RO         1542    i.USART_Init        stm32f10x_usart.o
    0x08002f18   0x08002f18   0x0000000a   Code   RO         1549    i.USART_ReceiveData  stm32f10x_usart.o
    0x08002f22   0x08002f22   0x0000001e   Code   RO          783    i.USART_SendChar    usart.o
    0x08002f40   0x08002f40   0x00000008   Code   RO         1552    i.USART_SendData    stm32f10x_usart.o
    0x08002f48   0x08002f48   0x00000004   Code   RO          180    i.UsageFault_Handler  stm32f10x_it.o
    0x08002f4c   0x08002f4c   0x00000028   Code   RO         3388    i.__ARM_fpclassify  m_ws.l(fpclassify.o)
    0x08002f74   0x08002f74   0x0000000e   Code   RO         3247    i._is_digit         c_w.l(__printf_wp.o)
    0x08002f82   0x08002f82   0x00000004   Code   RO          784    i._sys_exit         usart.o
    0x08002f86   0x08002f86   0x00000002   PAD
    0x08002f88   0x08002f88   0x0000004c   Code   RO         1018    i.all_data_update   protocol.o
    0x08002fd4   0x08002fd4   0x00000038   Code   RO          298    i.anmimal_recognition_init  led.o
    0x0800300c   0x0800300c   0x000000c0   Code   RO         1078    i.data_handle       system.o
    0x080030cc   0x080030cc   0x0000004c   Code   RO         1079    i.data_point_handle  system.o
    0x08003118   0x08003118   0x00000044   Code   RO          724    i.delay_init        delay.o
    0x0800315c   0x0800315c   0x0000004c   Code   RO          725    i.delay_ms          delay.o
    0x080031a8   0x080031a8   0x0000004c   Code   RO          726    i.delay_us          delay.o
    0x080031f4   0x080031f4   0x00000098   Code   RO         1019    i.dp_download_ejection_number_handle  protocol.o
    0x0800328c   0x0800328c   0x00000056   Code   RO         1020    i.dp_download_handle  protocol.o
    0x080032e2   0x080032e2   0x00000002   PAD
    0x080032e4   0x080032e4   0x00000068   Code   RO         1021    i.dp_download_light_handle  protocol.o
    0x0800334c   0x0800334c   0x00000068   Code   RO         1022    i.dp_download_switch_ejection_handle  protocol.o
    0x080033b4   0x080033b4   0x00000044   Code   RO         1023    i.dp_download_switch_handle  protocol.o
    0x080033f8   0x080033f8   0x000000b2   Code   RO          345    i.exti_init         key.o
    0x080034aa   0x080034aa   0x00000002   PAD
    0x080034ac   0x080034ac   0x0000001c   Code   RO          785    i.fputc             usart.o
    0x080034c8   0x080034c8   0x0000001c   Code   RO         1080    i.get_check_sum     system.o
    0x080034e4   0x080034e4   0x0000002c   Code   RO         1081    i.get_dowmload_dpid_index  system.o
    0x08003510   0x08003510   0x00000004   Code   RO         1024    i.get_download_cmd_total  protocol.o
    0x08003514   0x08003514   0x00000024   Code   RO         1082    i.get_mcu_wifi_mode  system.o
    0x08003538   0x08003538   0x00000028   Code   RO          384    i.hcsr04_NVIC       hc-sr04.o
    0x08003560   0x08003560   0x00000038   Code   RO         1083    i.heat_beat_check   system.o
    0x08003598   0x08003598   0x000000a8   Code   RO            3    i.main              main.o
    0x08003640   0x08003640   0x00000064   Code   RO          853    i.mcu_dp_bool_update  mcu_api.o
    0x080036a4   0x080036a4   0x00000058   Code   RO          854    i.mcu_dp_enum_update  mcu_api.o
    0x080036fc   0x080036fc   0x000000c8   Code   RO          855    i.mcu_dp_fault_update  mcu_api.o
    0x080037c4   0x080037c4   0x00000078   Code   RO          858    i.mcu_dp_value_update  mcu_api.o
    0x0800383c   0x0800383c   0x00000006   Code   RO          859    i.mcu_get_dp_download_bool  mcu_api.o
    0x08003842   0x08003842   0x00000006   Code   RO          860    i.mcu_get_dp_download_enum  mcu_api.o
    0x08003848   0x08003848   0x00000028   Code   RO          866    i.mcu_set_wifi_mode  mcu_api.o
    0x08003870   0x08003870   0x000000c8   Code   RO          299    i.moto_close        led.o
    0x08003938   0x08003938   0x0000002c   Code   RO          300    i.moto_init         led.o
    0x08003964   0x08003964   0x0000018c   Code   RO          301    i.moto_open         led.o
    0x08003af0   0x08003af0   0x00000044   Code   RO          868    i.my_memcpy         mcu_api.o
    0x08003b34   0x08003b34   0x0000001c   Code   RO          871    i.my_strlen         mcu_api.o
    0x08003b50   0x08003b50   0x000000dc   Code   RO         1084    i.product_info_update  system.o
    0x08003c2c   0x08003c2c   0x000000a0   Code   RO            4    i.read_allnum       main.o
    0x08003ccc   0x08003ccc   0x00000028   Code   RO         1085    i.set_wifi_uart_buffer  system.o
    0x08003cf4   0x08003cf4   0x00000010   Code   RO         1086    i.set_wifi_uart_byte  system.o
    0x08003d04   0x08003d04   0x00000088   Code   RO          385    i.sr04_value        hc-sr04.o
    0x08003d8c   0x08003d8c   0x0000003c   Code   RO         1087    i.take_byte_rxbuff  system.o
    0x08003dc8   0x08003dc8   0x000000a8   Code   RO          786    i.uart_init1        usart.o
    0x08003e70   0x08003e70   0x00000058   Code   RO          873    i.uart_receive_input  mcu_api.o
    0x08003ec8   0x08003ec8   0x00000014   Code   RO         1025    i.uart_transmit_output  protocol.o
    0x08003edc   0x08003edc   0x000000ac   Code   RO          787    i.usart_init2       usart.o
    0x08003f88   0x08003f88   0x0000002c   Code   RO          874    i.wifi_protocol_init  mcu_api.o
    0x08003fb4   0x08003fb4   0x00000008   Code   RO         1026    i.wifi_test_result  protocol.o
    0x08003fbc   0x08003fbc   0x000000f8   Code   RO          875    i.wifi_uart_service  mcu_api.o
    0x080040b4   0x080040b4   0x00000024   Code   RO         1088    i.wifi_uart_write_data  system.o
    0x080040d8   0x080040d8   0x00000048   Code   RO         1089    i.wifi_uart_write_frame  system.o
    0x08004120   0x08004120   0x0000001c   Code   RO         1090    i.with_data_rxbuff  system.o
    0x0800413c   0x0800413c   0x0000002c   Code   RO         3384    locale$$code        c_w.l(lc_numeric_c.o)
    0x08004168   0x08004168   0x00000062   Code   RO         3265    x$fpl$d2f           fz_ws.l(d2f.o)
    0x080041ca   0x080041ca   0x00000002   PAD
    0x080041cc   0x080041cc   0x00000150   Code   RO         3267    x$fpl$dadd          fz_ws.l(daddsub_clz.o)
    0x0800431c   0x0800431c   0x000002b0   Code   RO         3274    x$fpl$ddiv          fz_ws.l(ddiv.o)
    0x080045cc   0x080045cc   0x0000005e   Code   RO         3277    x$fpl$dfix          fz_ws.l(dfix.o)
    0x0800462a   0x0800462a   0x00000002   PAD
    0x0800462c   0x0800462c   0x00000154   Code   RO         3281    x$fpl$dmul          fz_ws.l(dmul.o)
    0x08004780   0x08004780   0x0000009c   Code   RO         3319    x$fpl$dnaninf       fz_ws.l(dnaninf.o)
    0x0800481c   0x0800481c   0x0000000c   Code   RO         3321    x$fpl$dretinf       fz_ws.l(dretinf.o)
    0x08004828   0x08004828   0x000001d4   Code   RO         3269    x$fpl$dsub          fz_ws.l(daddsub_clz.o)
    0x080049fc   0x080049fc   0x00000056   Code   RO         3283    x$fpl$f2d           fz_ws.l(f2d.o)
    0x08004a52   0x08004a52   0x00000002   PAD
    0x08004a54   0x08004a54   0x000000c4   Code   RO         3285    x$fpl$fadd          fz_ws.l(faddsub_clz.o)
    0x08004b18   0x08004b18   0x00000036   Code   RO         3291    x$fpl$ffix          fz_ws.l(ffix.o)
    0x08004b4e   0x08004b4e   0x00000002   PAD
    0x08004b50   0x08004b50   0x00000030   Code   RO         3296    x$fpl$fflt          fz_ws.l(fflt_clz.o)
    0x08004b80   0x08004b80   0x00000026   Code   RO         3295    x$fpl$ffltu         fz_ws.l(fflt_clz.o)
    0x08004ba6   0x08004ba6   0x0000008c   Code   RO         3323    x$fpl$fnaninf       fz_ws.l(fnaninf.o)
    0x08004c32   0x08004c32   0x0000000a   Code   RO         3325    x$fpl$fretinf       fz_ws.l(fretinf.o)
    0x08004c3c   0x08004c3c   0x000000ea   Code   RO         3287    x$fpl$fsub          fz_ws.l(faddsub_clz.o)
    0x08004d26   0x08004d26   0x00000004   Code   RO         3301    x$fpl$printf1       fz_ws.l(printf1.o)
    0x08004d2a   0x08004d2a   0x00000000   Code   RO         3327    x$fpl$usenofp       fz_ws.l(usenofp.o)
    0x08004d2a   0x08004d2a   0x000017c0   Data   RO          588    .constdata          oled.o
    0x080064ea   0x080064ea   0x0000000e   Data   RO         1027    .constdata          protocol.o
    0x080064f8   0x080064f8   0x00000094   Data   RO         3355    .constdata          c_w.l(bigflt0.o)
    0x0800658c   0x0800658c   0x00000020   Data   RO         3525    Region$$Table       anon$$obj.o
    0x080065ac   0x080065ac   0x0000001c   Data   RO         3383    locale$$data        c_w.l(lc_numeric_c.o)


    Execution Region RW_IRAM1 (Exec base: 0x20000000, Load base: 0x080065c8, Size: 0x00002af0, Max: 0x00010000, ABSOLUTE, COMPRESSED[0x000004bc])

    Exec Addr    Load Addr    Size         Type   Attr      Idx    E Section Name        Object

    0x20000000   COMPRESSED   0x0000081a   Data   RW            6    .data               main.o
    0x2000081a   COMPRESSED   0x00000002   PAD
    0x2000081c   COMPRESSED   0x00000014   Data   RW          266    .data               system_stm32f10x.o
    0x20000830   COMPRESSED   0x00000008   Data   RW          302    .data               led.o
    0x20000838   COMPRESSED   0x0000000c   Data   RW          388    .data               hc-sr04.o
    0x20000844   COMPRESSED   0x000015f8   Data   RW          589    .data               oled.o
    0x20001e3c   COMPRESSED   0x00000004   Data   RW          727    .data               delay.o
    0x20001e40   COMPRESSED   0x0000000a   Data   RW          789    .data               usart.o
    0x20001e4a   COMPRESSED   0x00000002   PAD
    0x20001e4c   COMPRESSED   0x0000000e   Data   RW          876    .data               mcu_api.o
    0x20001e5a   COMPRESSED   0x00000006   PAD
    0x20001e60   COMPRESSED   0x0000000c   Data   RW         1028    .data               protocol.o
    0x20001e6c   COMPRESSED   0x0000000a   Data   RW         1092    .data               system.o
    0x20001e76   COMPRESSED   0x00000014   Data   RW         1363    .data               stm32f10x_rcc.o
    0x20001e8a   COMPRESSED   0x00000002   PAD
    0x20001e8c        -       0x000000c8   Zero   RW            5    .bss                main.o
    0x20001f54        -       0x00000028   Zero   RW          387    .bss                hc-sr04.o
    0x20001f7c        -       0x00000480   Zero   RW          587    .bss                oled.o
    0x200023fc        -       0x0000008e   Zero   RW         1091    .bss                system.o
    0x2000248a   COMPRESSED   0x00000002   PAD
    0x2000248c        -       0x00000060   Zero   RW         3391    .bss                c_w.l(libspace.o)
    0x200024ec   COMPRESSED   0x00000004   PAD
    0x200024f0        -       0x00000200   Zero   RW         1175    HEAP                startup_stm32f10x_hd.o
    0x200026f0        -       0x00000400   Zero   RW         1174    STACK               startup_stm32f10x_hd.o


==============================================================================

Image component sizes


      Code (inc. data)   RO Data    RW Data    ZI Data      Debug   Object Name

       220         26          0          4          0       1899   delay.o
       358         26          0          0          0       3579   dht11.o
       644         94          0         12         40       5588   hc-sr04.o
       378         42          0          0          0       2285   key.o
       832         42          0          8          0       3781   led.o
       516        108          0       2074        200     269192   main.o
      1036         70          0         14          0       9850   mcu_api.o
       172         22          0          0          0       2237   misc.o
      1598        100       6080       5624       1152      11634   oled.o
       622         54         14         12          0       7911   protocol.o
        64         26        304          0       1536        828   startup_stm32f10x_hd.o
       522         30          0          0          0       9717   stm32f10x_adc.o
       160         12          0          0          0       1633   stm32f10x_exti.o
       368          4          0          0          0       4546   stm32f10x_gpio.o
        40          4          0          0          0       4114   stm32f10x_it.o
        64         16          0          0          0       1086   stm32f10x_pwr.o
       364         50          0         20          0       6491   stm32f10x_rcc.o
       750        106          0          0          0       6393   stm32f10x_tim.o
       442          6          0          0          0       6533   stm32f10x_usart.o
         0          0          0          0          0         32   sys.o
       904        112          0         10        142      11648   system.o
       328         28          0         20          0       2317   system_stm32f10x.o
       358         42          0          0          0       2544   tsensor.o
       626         52          0         10          0       7699   usart.o
        92          4          0          0          0       2098   wkup.o

    ----------------------------------------------------------------------
     11486       1076       6430       7820       3072     385635   Object Totals
         0          0         32          0          0          0   (incl. Generated)
        28          0          0         12          2          0   (incl. Padding)

    ----------------------------------------------------------------------

      Code (inc. data)   RO Data    RW Data    ZI Data      Debug   Library Member Name

        90          0          0          0          0          0   __dczerorl2.o
         8          0          0          0          0         68   __main.o
       284          0          0          0          0        156   __printf_wp.o
         0          0          0          0          0          0   __rtentry.o
        12          0          0          0          0          0   __rtentry2.o
         6          0          0          0          0          0   __rtentry4.o
        52          8          0          0          0          0   __scatter.o
        28          0          0          0          0          0   __scatter_zi.o
        44          0          0          0          0        108   _printf_char.o
        48          6          0          0          0         96   _printf_char_common.o
        36          4          0          0          0         80   _printf_char_file.o
         6          0          0          0          0          0   _printf_d.o
       120         16          0          0          0         92   _printf_dec.o
         6          0          0          0          0          0   _printf_f.o
      1054          0          0          0          0        216   _printf_fp_dec.o
       128         16          0          0          0         84   _printf_fp_infnan.o
       178          0          0          0          0         88   _printf_intcommon.o
         0          0          0          0          0          0   _printf_percent.o
         4          0          0          0          0          0   _printf_percent_end.o
         6          0          0          0          0          0   _printf_s.o
        82          0          0          0          0         80   _printf_str.o
        10          0          0          0          0         68   _sputc.o
       228          4        148          0          0         96   bigflt0.o
      1936        128          0          0          0        672   btod.o
        18          0          0          0          0         80   exit.o
         8          0          0          0          0         68   ferror.o
         6          0          0          0          0        152   heapauxi.o
        44         10         28          0          0         76   lc_numeric_c.o
         2          0          0          0          0          0   libinit.o
        18          0          0          0          0          0   libinit2.o
         2          0          0          0          0          0   libshutdown.o
         2          0          0          0          0          0   libshutdown2.o
         8          4          0          0         96         68   libspace.o
       138          0          0          0          0         80   lludiv10.o
        24          4          0          0          0         84   noretval__2printf.o
        40          6          0          0          0         84   noretval__2sprintf.o
         8          4          0          0          0         68   rt_locale_intlibspace.o
         2          0          0          0          0          0   rtexit.o
        10          0          0          0          0          0   rtexit2.o
       128          0          0          0          0         68   strcmpv7m.o
        74          0          0          0          0         80   sys_stackheap_outer.o
         2          0          0          0          0         68   use_no_semi.o
         2          0          0          0          0         68   use_no_semi_2.o
        98          4          0          0          0         92   d2f.o
       804         16          0          0          0        272   daddsub_clz.o
       688        140          0          0          0        208   ddiv.o
        94          4          0          0          0         92   dfix.o
       340         12          0          0          0        104   dmul.o
       156          4          0          0          0         92   dnaninf.o
        12          0          0          0          0         68   dretinf.o
        86          4          0          0          0         84   f2d.o
       430          8          0          0          0        168   faddsub_clz.o
        54          4          0          0          0         84   ffix.o
        86          0          0          0          0        136   fflt_clz.o
       140          4          0          0          0         84   fnaninf.o
        10          0          0          0          0         68   fretinf.o
         4          0          0          0          0         68   printf1.o
         0          0          0          0          0          0   usenofp.o
        40          0          0          0          0         68   fpclassify.o

    ----------------------------------------------------------------------
      7964        410        176          0        100       4636   Library Totals
        20          0          0          0          4          0   (incl. Padding)

    ----------------------------------------------------------------------

      Code (inc. data)   RO Data    RW Data    ZI Data      Debug   Library Name

      4902        210        176          0         96       2948   c_w.l
      3002        200          0          0          0       1620   fz_ws.l
        40          0          0          0          0         68   m_ws.l

    ----------------------------------------------------------------------
      7964        410        176          0        100       4636   Library Totals

    ----------------------------------------------------------------------

==============================================================================


      Code (inc. data)   RO Data    RW Data    ZI Data      Debug   

     19450       1486       6606       7820       3172     380023   Grand Totals
     19450       1486       6606       1212       3172     380023   ELF Image Totals (compressed)
     19450       1486       6606       1212          0          0   ROM Totals

==============================================================================

    Total RO  Size (Code + RO Data)                26056 (  25.45kB)
    Total RW  Size (RW Data + ZI Data)             10992 (  10.73kB)
    Total ROM Size (Code + RO Data + RW Data)      27268 (  26.63kB)

==============================================================================

